Component: ARM Compiler 6.16 Tool: armlink [5dfeaa00]

==============================================================================

Section Cross References

    startup_stm32f407xx.o(RESET) refers to startup_stm32f407xx.o(STACK) for __initial_sp
    startup_stm32f407xx.o(RESET) refers to startup_stm32f407xx.o(.text) for Reset_Handler
    startup_stm32f407xx.o(RESET) refers to stm32f4xx_it.o(.text.NMI_Handler) for NMI_Handler
    startup_stm32f407xx.o(RESET) refers to stm32f4xx_it.o(.text.HardFault_Handler) for HardFault_Handler
    startup_stm32f407xx.o(RESET) refers to stm32f4xx_it.o(.text.MemManage_Handler) for MemManage_Handler
    startup_stm32f407xx.o(RESET) refers to stm32f4xx_it.o(.text.BusFault_Handler) for BusFault_Handler
    startup_stm32f407xx.o(RESET) refers to stm32f4xx_it.o(.text.UsageFault_Handler) for UsageFault_Handler
    startup_stm32f407xx.o(RESET) refers to stm32f4xx_it.o(.text.SVC_Handler) for SVC_Handler
    startup_stm32f407xx.o(RESET) refers to stm32f4xx_it.o(.text.DebugMon_Handler) for DebugMon_Handler
    startup_stm32f407xx.o(RESET) refers to stm32f4xx_it.o(.text.PendSV_Handler) for PendSV_Handler
    startup_stm32f407xx.o(RESET) refers to stm32f4xx_it.o(.text.SysTick_Handler) for SysTick_Handler
    startup_stm32f407xx.o(RESET) refers to stm32f4xx_it.o(.text.UART4_IRQHandler) for UART4_IRQHandler
    startup_stm32f407xx.o(.text) refers to system_stm32f4xx.o(.text.SystemInit) for SystemInit
    startup_stm32f407xx.o(.text) refers to entry.o(.ARM.Collect$$$$00000000) for __main
    main.o(.text.__io_putchar) refers to usart.o(.bss.huart4) for huart4
    main.o(.text.__io_putchar) refers to stm32f4xx_hal_uart.o(.text.HAL_UART_Transmit) for HAL_UART_Transmit
    main.o(.ARM.exidx.text.__io_putchar) refers to main.o(.text.__io_putchar) for [Anonymous Symbol]
    main.o(.text.parse_json) refers to cjson.o(.text.cJSON_Parse) for cJSON_Parse
    main.o(.text.parse_json) refers to cjson.o(.text.cJSON_GetObjectItemCaseSensitive) for cJSON_GetObjectItemCaseSensitive
    main.o(.text.parse_json) refers to cjson.o(.text.cJSON_IsString) for cJSON_IsString
    main.o(.text.parse_json) refers to printfa.o(i.__0printf) for __2printf
    main.o(.text.parse_json) refers to strcmp.o(.text) for strcmp
    main.o(.text.parse_json) refers to cjson.o(.text.cJSON_IsNumber) for cJSON_IsNumber
    main.o(.text.parse_json) refers to cjson.o(.text.cJSON_IsArray) for cJSON_IsArray
    main.o(.text.parse_json) refers to cjson.o(.text.cJSON_GetErrorPtr) for cJSON_GetErrorPtr
    main.o(.text.parse_json) refers to main.o(.rodata.str1.1) for .L.str
    main.o(.text.parse_json) refers to puts.o(i.puts) for puts
    main.o(.text.parse_json) refers to cjson.o(.text.cJSON_IsObject) for cJSON_IsObject
    main.o(.text.parse_json) refers to cjson.o(.text.cJSON_Delete) for cJSON_Delete
    main.o(.ARM.exidx.text.parse_json) refers to main.o(.text.parse_json) for [Anonymous Symbol]
    main.o(.text.main) refers to stm32f4xx_hal.o(.text.HAL_Init) for HAL_Init
    main.o(.text.main) refers to main.o(.text.SystemClock_Config) for SystemClock_Config
    main.o(.text.main) refers to gpio.o(.text.MX_GPIO_Init) for MX_GPIO_Init
    main.o(.text.main) refers to usart.o(.text.MX_UART4_Init) for MX_UART4_Init
    main.o(.text.main) refers to main.o(.rodata.str1.1) for .Lstr.24
    main.o(.text.main) refers to puts.o(i.puts) for puts
    main.o(.text.main) refers to main.o(.bss..L_MergedGlobals) for .L_MergedGlobals
    main.o(.text.main) refers to main.o(.bss.rx_buffer) for rx_buffer
    main.o(.text.main) refers to usart.o(.bss.huart4) for huart4
    main.o(.text.main) refers to stm32f4xx_hal_uart.o(.text.HAL_UART_Receive_IT) for HAL_UART_Receive_IT
    main.o(.text.main) refers to printfa.o(i.__0printf) for __2printf
    main.o(.text.main) refers to main.o(.text.parse_json) for parse_json
    main.o(.text.main) refers to memseta.o(.text) for __aeabi_memclr4
    main.o(.ARM.exidx.text.main) refers to main.o(.text.main) for [Anonymous Symbol]
    main.o(.text.SystemClock_Config) refers to stm32f4xx_hal_rcc.o(.text.HAL_RCC_OscConfig) for HAL_RCC_OscConfig
    main.o(.text.SystemClock_Config) refers to stm32f4xx_hal_rcc.o(.text.HAL_RCC_ClockConfig) for HAL_RCC_ClockConfig
    main.o(.ARM.exidx.text.SystemClock_Config) refers to main.o(.text.SystemClock_Config) for [Anonymous Symbol]
    main.o(.ARM.exidx.text.Error_Handler) refers to main.o(.text.Error_Handler) for [Anonymous Symbol]
    main.o(.text.HAL_UART_RxCpltCallback) refers to main.o(.bss..L_MergedGlobals) for .L_MergedGlobals
    main.o(.text.HAL_UART_RxCpltCallback) refers to main.o(.bss.rx_buffer) for rx_buffer
    main.o(.text.HAL_UART_RxCpltCallback) refers to usart.o(.bss.huart4) for huart4
    main.o(.text.HAL_UART_RxCpltCallback) refers to stm32f4xx_hal_uart.o(.text.HAL_UART_Receive_IT) for HAL_UART_Receive_IT
    main.o(.text.HAL_UART_RxCpltCallback) refers to memseta.o(.text) for __aeabi_memclr4
[...]
    Removing stm32f4xx_hal.o(.ARM.exidx.text.HAL_SuspendTick), (8 bytes).
    Removing stm32f4xx_hal.o(.text.HAL_ResumeTick), (18 bytes).
    Removing stm32f4xx_hal.o(.ARM.exidx.text.HAL_ResumeTick), (8 bytes).
    Removing stm32f4xx_hal.o(.text.HAL_GetHalVersion), (10 bytes).
    Removing stm32f4xx_hal.o(.ARM.exidx.text.HAL_GetHalVersion), (8 bytes).
    Removing stm32f4xx_hal.o(.text.HAL_GetREVID), (14 bytes).
    Removing stm32f4xx_hal.o(.ARM.exidx.text.HAL_GetREVID), (8 bytes).
    Removing stm32f4xx_hal.o(.text.HAL_GetDEVID), (16 bytes).
    Removing stm32f4xx_hal.o(.ARM.exidx.text.HAL_GetDEVID), (8 bytes).
    Removing stm32f4xx_hal.o(.text.HAL_DBGMCU_EnableDBGSleepMode), (18 bytes).
    Removing stm32f4xx_hal.o(.ARM.exidx.text.HAL_DBGMCU_EnableDBGSleepMode), (8 bytes).
    Removing stm32f4xx_hal.o(.text.HAL_DBGMCU_DisableDBGSleepMode), (18 bytes).
    Removing stm32f4xx_hal.o(.ARM.exidx.text.HAL_DBGMCU_DisableDBGSleepMode), (8 bytes).
    Removing stm32f4xx_hal.o(.text.HAL_DBGMCU_EnableDBGStopMode), (18 bytes).
    Removing stm32f4xx_hal.o(.ARM.exidx.text.HAL_DBGMCU_EnableDBGStopMode), (8 bytes).
    Removing stm32f4xx_hal.o(.text.HAL_DBGMCU_DisableDBGStopMode), (18 bytes).
    Removing stm32f4xx_hal.o(.ARM.exidx.text.HAL_DBGMCU_DisableDBGStopMode), (8 bytes).
    Removing stm32f4xx_hal.o(.text.HAL_DBGMCU_EnableDBGStandbyMode), (18 bytes).
    Removing stm32f4xx_hal.o(.ARM.exidx.text.HAL_DBGMCU_EnableDBGStandbyMode), (8 bytes).
    Removing stm32f4xx_hal.o(.text.HAL_DBGMCU_DisableDBGStandbyMode), (18 bytes).
    Removing stm32f4xx_hal.o(.ARM.exidx.text.HAL_DBGMCU_DisableDBGStandbyMode), (8 bytes).
    Removing stm32f4xx_hal.o(.text.HAL_EnableCompensationCell), (14 bytes).
    Removing stm32f4xx_hal.o(.ARM.exidx.text.HAL_EnableCompensationCell), (8 bytes).
    Removing stm32f4xx_hal.o(.text.HAL_DisableCompensationCell), (14 bytes).
    Removing stm32f4xx_hal.o(.ARM.exidx.text.HAL_DisableCompensationCell), (8 bytes).
    Removing stm32f4xx_hal.o(.text.HAL_GetUIDw0), (12 bytes).
    Removing stm32f4xx_hal.o(.ARM.exidx.text.HAL_GetUIDw0), (8 bytes).
    Removing stm32f4xx_hal.o(.text.HAL_GetUIDw1), (12 bytes).
    Removing stm32f4xx_hal.o(.ARM.exidx.text.HAL_GetUIDw1), (8 bytes).
    Removing stm32f4xx_hal.o(.text.HAL_GetUIDw2), (12 bytes).
    Removing stm32f4xx_hal.o(.ARM.exidx.text.HAL_GetUIDw2), (8 bytes).
    Removing stm32f4xx_hal_exti.o(.text), (0 bytes).
    Removing stm32f4xx_hal_exti.o(.text.HAL_EXTI_SetConfigLine), (180 bytes).
    Removing stm32f4xx_hal_exti.o(.ARM.exidx.text.HAL_EXTI_SetConfigLine), (8 bytes).
    Removing stm32f4xx_hal_exti.o(.text.HAL_EXTI_GetConfigLine), (152 bytes).
    Removing stm32f4xx_hal_exti.o(.ARM.exidx.text.HAL_EXTI_GetConfigLine), (8 bytes).
    Removing stm32f4xx_hal_exti.o(.text.HAL_EXTI_ClearConfigLine), (136 bytes).
    Removing stm32f4xx_hal_exti.o(.ARM.exidx.text.HAL_EXTI_ClearConfigLine), (8 bytes).
    Removing stm32f4xx_hal_exti.o(.text.HAL_EXTI_RegisterCallback), (12 bytes).
    Removing stm32f4xx_hal_exti.o(.ARM.exidx.text.HAL_EXTI_RegisterCallback), (8 bytes).
    Removing stm32f4xx_hal_exti.o(.text.HAL_EXTI_GetHandle), (12 bytes).
    Removing stm32f4xx_hal_exti.o(.ARM.exidx.text.HAL_EXTI_GetHandle), (8 bytes).
    Removing stm32f4xx_hal_exti.o(.text.HAL_EXTI_IRQHandler), (42 bytes).
    Removing stm32f4xx_hal_exti.o(.ARM.exidx.text.HAL_EXTI_IRQHandler), (8 bytes).
    Removing stm32f4xx_hal_exti.o(.text.HAL_EXTI_GetPending), (28 bytes).
    Removing stm32f4xx_hal_exti.o(.ARM.exidx.text.HAL_EXTI_GetPending), (8 bytes).
    Removing stm32f4xx_hal_exti.o(.text.HAL_EXTI_ClearPending), (24 bytes).
    Removing stm32f4xx_hal_exti.o(.ARM.exidx.text.HAL_EXTI_ClearPending), (8 bytes).
    Removing stm32f4xx_hal_exti.o(.text.HAL_EXTI_GenerateSWI), (24 bytes).
    Removing stm32f4xx_hal_exti.o(.ARM.exidx.text.HAL_EXTI_GenerateSWI), (8 bytes).
    Removing system_stm32f4xx.o(.text), (0 bytes).
    Removing system_stm32f4xx.o(.ARM.exidx.text.SystemInit), (8 bytes).
    Removing system_stm32f4xx.o(.text.SystemCoreClockUpdate), (124 bytes).
    Removing system_stm32f4xx.o(.ARM.exidx.text.SystemCoreClockUpdate), (8 bytes).
    Removing cjson.o(.text), (0 bytes).
    Removing cjson.o(.ARM.exidx.text.cJSON_GetErrorPtr), (8 bytes).
    Removing cjson.o(.text.cJSON_GetStringValue), (16 bytes).
    Removing cjson.o(.ARM.exidx.text.cJSON_GetStringValue), (8 bytes).
    Removing cjson.o(.ARM.exidx.text.cJSON_IsString), (8 bytes).
    Removing cjson.o(.text.cJSON_GetNumberValue), (32 bytes).
    Removing cjson.o(.ARM.exidx.text.cJSON_GetNumberValue), (8 bytes).
    Removing cjson.o(.ARM.exidx.text.cJSON_IsNumber), (8 bytes).
    Removing cjson.o(.text.cJSON_Version), (52 bytes).
    Removing cjson.o(.ARM.exidx.text.cJSON_Version), (8 bytes).
    Removing cjson.o(.text.cJSON_InitHooks), (112 bytes).
    Removing cjson.o(.ARM.exidx.text.cJSON_InitHooks), (8 bytes).
    Removing cjson.o(.ARM.exidx.text.cJSON_Delete), (8 bytes).
    Removing cjson.o(.text.cJSON_SetNumberHelper), (120 bytes).
    Removing cjson.o(.ARM.exidx.text.cJSON_SetNumberHelper), (8 bytes).
    Removing cjson.o(.text.cJSON_SetValuestring), (138 bytes).
    Removing cjson.o(.ARM.exidx.text.cJSON_SetValuestring), (8 bytes).
    Removing cjson.o(.text.cJSON_free), (12 bytes).
    Removing cjson.o(.ARM.exidx.text.cJSON_free), (8 bytes).
    Removing cjson.o(.text.cJSON_ParseWithOpts), (36 bytes).
    Removing cjson.o(.ARM.exidx.text.cJSON_ParseWithOpts), (8 bytes).
    Removing cjson.o(.ARM.exidx.text.cJSON_ParseWithLengthOpts), (8 bytes).
    Removing cjson.o(.ARM.exidx.text.parse_value), (8 bytes).
    Removing cjson.o(.ARM.exidx.text.cJSON_Parse), (8 bytes).
    Removing cjson.o(.text.cJSON_ParseWithLength), (8 bytes).
    Removing cjson.o(.ARM.exidx.text.cJSON_ParseWithLength), (8 bytes).
    Removing cjson.o(.text.cJSON_Print), (6 bytes).
    Removing cjson.o(.ARM.exidx.text.cJSON_Print), (8 bytes).
    Removing cjson.o(.text.print), (172 bytes).
    Removing cjson.o(.ARM.exidx.text.print), (8 bytes).
    Removing cjson.o(.text.cJSON_PrintUnformatted), (6 bytes).
    Removing cjson.o(.ARM.exidx.text.cJSON_PrintUnformatted), (8 bytes).
    Removing cjson.o(.text.cJSON_PrintBuffered), (88 bytes).
    Removing cjson.o(.ARM.exidx.text.cJSON_PrintBuffered), (8 bytes).
    Removing cjson.o(.text.print_value), (1600 bytes).
    Removing cjson.o(.ARM.exidx.text.print_value), (8 bytes).
    Removing cjson.o(.text.cJSON_PrintPreallocated), (66 bytes).
    Removing cjson.o(.ARM.exidx.text.cJSON_PrintPreallocated), (8 bytes).
    Removing cjson.o(.text.cJSON_GetArraySize), (52 bytes).
    Removing cjson.o(.ARM.exidx.text.cJSON_GetArraySize), (8 bytes).
    Removing cjson.o(.text.cJSON_GetArrayItem), (82 bytes).
    Removing cjson.o(.ARM.exidx.text.cJSON_GetArrayItem), (8 bytes).
    Removing cjson.o(.text.cJSON_GetObjectItem), (6 bytes).
    Removing cjson.o(.ARM.exidx.text.cJSON_GetObjectItem), (8 bytes).
    Removing cjson.o(.text.get_object_item), (160 bytes).
    Removing cjson.o(.ARM.exidx.text.get_object_item), (8 bytes).
    Removing cjson.o(.ARM.exidx.text.cJSON_GetObjectItemCaseSensitive), (8 bytes).
    Removing cjson.o(.text.cJSON_HasObjectItem), (16 bytes).
    Removing cjson.o(.ARM.exidx.text.cJSON_HasObjectItem), (8 bytes).
    Removing cjson.o(.text.cJSON_AddItemToArray), (52 bytes).
    Removing cjson.o(.ARM.exidx.text.cJSON_AddItemToArray), (8 bytes).
    Removing cjson.o(.text.cJSON_AddItemToObject), (148 bytes).
    Removing cjson.o(.ARM.exidx.text.cJSON_AddItemToObject), (8 bytes).
    Removing cjson.o(.text.cJSON_AddItemToObjectCS), (102 bytes).
    Removing cjson.o(.ARM.exidx.text.cJSON_AddItemToObjectCS), (8 bytes).
    Removing cjson.o(.text.cJSON_AddItemReferenceToArray), (140 bytes).
    Removing cjson.o(.ARM.exidx.text.cJSON_AddItemReferenceToArray), (8 bytes).
    Removing cjson.o(.text.cJSON_AddItemReferenceToObject), (228 bytes).
    Removing cjson.o(.ARM.exidx.text.cJSON_AddItemReferenceToObject), (8 bytes).
    Removing cjson.o(.text.cJSON_AddNullToObject), (172 bytes).
    Removing cjson.o(.ARM.exidx.text.cJSON_AddNullToObject), (8 bytes).
    Removing cjson.o(.text.cJSON_CreateNull), (36 bytes).
    Removing cjson.o(.ARM.exidx.text.cJSON_CreateNull), (8 bytes).
    Removing cjson.o(.text.cJSON_AddTrueToObject), (172 bytes).
    Removing cjson.o(.ARM.exidx.text.cJSON_AddTrueToObject), (8 bytes).
    Removing cjson.o(.text.cJSON_CreateTrue), (36 bytes).
    Removing cjson.o(.ARM.exidx.text.cJSON_CreateTrue), (8 bytes).
    Removing cjson.o(.text.cJSON_AddFalseToObject), (172 bytes).
    Removing cjson.o(.ARM.exidx.text.cJSON_AddFalseToObject), (8 bytes).
    Removing cjson.o(.text.cJSON_CreateFalse), (36 bytes).
    Removing cjson.o(.ARM.exidx.text.cJSON_CreateFalse), (8 bytes).
    Removing cjson.o(.text.cJSON_AddBoolToObject), (180 bytes).
    Removing cjson.o(.ARM.exidx.text.cJSON_AddBoolToObject), (8 bytes).
    Removing cjson.o(.text.cJSON_CreateBool), (44 bytes).
    Removing cjson.o(.ARM.exidx.text.cJSON_CreateBool), (8 bytes).
    Removing cjson.o(.text.cJSON_AddNumberToObject), (280 bytes).
    Removing cjson.o(.ARM.exidx.text.cJSON_AddNumberToObject), (8 bytes).
    Removing cjson.o(.text.cJSON_CreateNumber), (144 bytes).
    Removing cjson.o(.ARM.exidx.text.cJSON_CreateNumber), (8 bytes).
    Removing cjson.o(.text.cJSON_AddStringToObject), (220 bytes).
    Removing cjson.o(.ARM.exidx.text.cJSON_AddStringToObject), (8 bytes).
    Removing cjson.o(.text.cJSON_CreateString), (96 bytes).
    Removing cjson.o(.ARM.exidx.text.cJSON_CreateString), (8 bytes).
    Removing cjson.o(.text.cJSON_AddRawToObject), (220 bytes).
    Removing cjson.o(.ARM.exidx.text.cJSON_AddRawToObject), (8 bytes).
    Removing cjson.o(.text.cJSON_CreateRaw), (96 bytes).
    Removing cjson.o(.ARM.exidx.text.cJSON_CreateRaw), (8 bytes).
    Removing cjson.o(.text.cJSON_AddObjectToObject), (172 bytes).
    Removing cjson.o(.ARM.exidx.text.cJSON_AddObjectToObject), (8 bytes).
    Removing cjson.o(.text.cJSON_CreateObject), (36 bytes).
    Removing cjson.o(.ARM.exidx.text.cJSON_CreateObject), (8 bytes).
    Removing cjson.o(.text.cJSON_AddArrayToObject), (172 bytes).
    Removing cjson.o(.ARM.exidx.text.cJSON_AddArrayToObject), (8 bytes).
    Removing cjson.o(.text.cJSON_CreateArray), (36 bytes).
    Removing cjson.o(.ARM.exidx.text.cJSON_CreateArray), (8 bytes).
    Removing cjson.o(.text.cJSON_DetachItemViaPointer), (72 bytes).
    Removing cjson.o(.ARM.exidx.text.cJSON_DetachItemViaPointer), (8 bytes).
    Removing cjson.o(.text.cJSON_DetachItemFromArray), (144 bytes).
    Removing cjson.o(.ARM.exidx.text.cJSON_DetachItemFromArray), (8 bytes).
    Removing cjson.o(.text.cJSON_DeleteItemFromArray), (154 bytes).
    Removing cjson.o(.ARM.exidx.text.cJSON_DeleteItemFromArray), (8 bytes).
    Removing cjson.o(.text.cJSON_DetachItemFromObject), (88 bytes).
    Removing cjson.o(.ARM.exidx.text.cJSON_DetachItemFromObject), (8 bytes).
    Removing cjson.o(.text.cJSON_DetachItemFromObjectCaseSensitive), (112 bytes).
    Removing cjson.o(.ARM.exidx.text.cJSON_DetachItemFromObjectCaseSensitive), (8 bytes).
    Removing cjson.o(.text.cJSON_DeleteItemFromObject), (100 bytes).
    Removing cjson.o(.ARM.exidx.text.cJSON_DeleteItemFromObject), (8 bytes).
    Removing cjson.o(.text.cJSON_DeleteItemFromObjectCaseSensitive), (130 bytes).
    Removing cjson.o(.ARM.exidx.text.cJSON_DeleteItemFromObjectCaseSensitive), (8 bytes).
    Removing cjson.o(.text.cJSON_InsertItemInArray), (176 bytes).
    Removing cjson.o(.ARM.exidx.text.cJSON_InsertItemInArray), (8 bytes).
    Removing cjson.o(.text.cJSON_ReplaceItemViaPointer), (108 bytes).
    Removing cjson.o(.ARM.exidx.text.cJSON_ReplaceItemViaPointer), (8 bytes).
    Removing cjson.o(.text.cJSON_ReplaceItemInArray), (180 bytes).
    Removing cjson.o(.ARM.exidx.text.cJSON_ReplaceItemInArray), (8 bytes).
    Removing cjson.o(.text.cJSON_ReplaceItemInObject), (326 bytes).
    Removing cjson.o(.ARM.exidx.text.cJSON_ReplaceItemInObject), (8 bytes).
    Removing cjson.o(.text.cJSON_ReplaceItemInObjectCaseSensitive), (210 bytes).
    Removing cjson.o(.ARM.exidx.text.cJSON_ReplaceItemInObjectCaseSensitive), (8 bytes).
    Removing cjson.o(.text.cJSON_CreateStringReference), (42 bytes).
    Removing cjson.o(.ARM.exidx.text.cJSON_CreateStringReference), (8 bytes).
    Removing cjson.o(.text.cJSON_CreateObjectReference), (42 bytes).
    Removing cjson.o(.ARM.exidx.text.cJSON_CreateObjectReference), (8 bytes).
    Removing cjson.o(.text.cJSON_CreateArrayReference), (42 bytes).
    Removing cjson.o(.ARM.exidx.text.cJSON_CreateArrayReference), (8 bytes).
    Removing cjson.o(.text.cJSON_CreateIntArray), (214 bytes).
    Removing cjson.o(.ARM.exidx.text.cJSON_CreateIntArray), (8 bytes).
    Removing cjson.o(.text.cJSON_CreateFloatArray), (284 bytes).
    Removing cjson.o(.ARM.exidx.text.cJSON_CreateFloatArray), (8 bytes).
    Removing cjson.o(.text.cJSON_CreateDoubleArray), (280 bytes).
    Removing cjson.o(.ARM.exidx.text.cJSON_CreateDoubleArray), (8 bytes).
    Removing cjson.o(.text.cJSON_CreateStringArray), (236 bytes).
    Removing cjson.o(.ARM.exidx.text.cJSON_CreateStringArray), (8 bytes).
    Removing cjson.o(.text.cJSON_Duplicate), (8 bytes).
    Removing cjson.o(.ARM.exidx.text.cJSON_Duplicate), (8 bytes).
    Removing cjson.o(.text.cJSON_Duplicate_rec), (276 bytes).
    Removing cjson.o(.ARM.exidx.text.cJSON_Duplicate_rec), (8 bytes).
    Removing cjson.o(.text.cJSON_Minify), (588 bytes).
    Removing cjson.o(.ARM.exidx.text.cJSON_Minify), (8 bytes).
    Removing cjson.o(.text.cJSON_IsInvalid), (16 bytes).
    Removing cjson.o(.ARM.exidx.text.cJSON_IsInvalid), (8 bytes).
    Removing cjson.o(.text.cJSON_IsFalse), (20 bytes).
    Removing cjson.o(.ARM.exidx.text.cJSON_IsFalse), (8 bytes).
    Removing cjson.o(.text.cJSON_IsTrue), (20 bytes).
    Removing cjson.o(.ARM.exidx.text.cJSON_IsTrue), (8 bytes).
    Removing cjson.o(.text.cJSON_IsBool), (20 bytes).
    Removing cjson.o(.ARM.exidx.text.cJSON_IsBool), (8 bytes).
    Removing cjson.o(.text.cJSON_IsNull), (20 bytes).
    Removing cjson.o(.ARM.exidx.text.cJSON_IsNull), (8 bytes).
    Removing cjson.o(.ARM.exidx.text.cJSON_IsArray), (8 bytes).
    Removing cjson.o(.ARM.exidx.text.cJSON_IsObject), (8 bytes).
    Removing cjson.o(.text.cJSON_IsRaw), (20 bytes).
    Removing cjson.o(.ARM.exidx.text.cJSON_IsRaw), (8 bytes).
    Removing cjson.o(.text.cJSON_Compare), (672 bytes).
    Removing cjson.o(.ARM.exidx.text.cJSON_Compare), (8 bytes).
    Removing cjson.o(.text.cJSON_malloc), (12 bytes).
    Removing cjson.o(.ARM.exidx.text.cJSON_malloc), (8 bytes).
    Removing cjson.o(.ARM.exidx.text.parse_string), (8 bytes).
    Removing cjson.o(.ARM.exidx.text.parse_hex4), (8 bytes).
    Removing cjson.o(.text.ensure), (152 bytes).
    Removing cjson.o(.ARM.exidx.text.ensure), (8 bytes).
    Removing cjson.o(.text.print_string_ptr), (820 bytes).
    Removing cjson.o(.ARM.exidx.text.print_string_ptr), (8 bytes).
    Removing cjson.o(.bss.cJSON_Version.version), (15 bytes).
    Removing dcmpgt.o(.text), (54 bytes).
    Removing dcmpeq.o(.text), (56 bytes).
    Removing dflti.o(.text), (34 bytes).
    Removing f2d.o(.text), (38 bytes).

591 unused section(s) (total 33013 bytes) removed from the image.

==============================================================================

Image Symbol Table

    Local Symbols

    Symbol Name                              Value     Ov Type        Size  Object(Section)

    ../clib/division.s                       0x00000000   Number         0  aeabi_sdiv.o ABSOLUTE
    ../clib/microlib/ctype/ctype.c           0x00000000   Number         0  isspace_c.o ABSOLUTE
    ../clib/microlib/ctype/ctype.c           0x00000000   Number         0  ctype_c.o ABSOLUTE
    ../clib/microlib/ctype/tolower.c         0x00000000   Number         0  tolower.o ABSOLUTE
    ../clib/microlib/division.c              0x00000000   Number         0  uldiv.o ABSOLUTE
    ../clib/microlib/division.c              0x00000000   Number         0  uidiv.o ABSOLUTE
    ../clib/microlib/init/entry.s            0x00000000   Number         0  entry.o ABSOLUTE
    ../clib/microlib/init/entry.s            0x00000000   Number         0  entry2.o ABSOLUTE
    ../clib/microlib/init/entry.s            0x00000000   Number         0  entry5.o ABSOLUTE
    ../clib/microlib/init/entry.s            0x00000000   Number         0  entry7a.o ABSOLUTE
    ../clib/microlib/init/entry.s            0x00000000   Number         0  entry7b.o ABSOLUTE
    ../clib/microlib/init/entry.s            0x00000000   Number         0  entry8a.o ABSOLUTE
    ../clib/microlib/init/entry.s            0x00000000   Number         0  entry8b.o ABSOLUTE
    ../clib/microlib/init/entry.s            0x00000000   Number         0  entry9a.o ABSOLUTE
    ../clib/microlib/init/entry.s            0x00000000   Number         0  entry9b.o ABSOLUTE
    ../clib/microlib/init/entry.s            0x00000000   Number         0  entry10a.o ABSOLUTE
    ../clib/microlib/init/entry.s            0x00000000   Number         0  entry10b.o ABSOLUTE
    ../clib/microlib/init/entry.s            0x00000000   Number         0  entry11a.o ABSOLUTE
    ../clib/microlib/init/entry.s            0x00000000   Number         0  entry11b.o ABSOLUTE
    ../clib/microlib/longlong.c              0x00000000   Number         0  llshl.o ABSOLUTE
    ../clib/microlib/longlong.c              0x00000000   Number         0  llushr.o ABSOLUTE
    ../clib/microlib/longlong.c              0x00000000   Number         0  llsshr.o ABSOLUTE
    ../clib/microlib/malloc/malloc.c         0x00000000   Number         0  malloc.o ABSOLUTE
    ../clib/microlib/malloc/malloc.c         0x00000000   Number         0  mallocr.o ABSOLUTE
    ../clib/microlib/malloc/malloc.c         0x00000000   Number         0  malloca.o ABSOLUTE
    ../clib/microlib/malloc/malloc.c         0x00000000   Number         0  mallocra.o ABSOLUTE
    ../clib/microlib/malloc/mvars.c          0x00000000   Number         0  mvars.o ABSOLUTE
    ../clib/microlib/printf/printf.c         0x00000000   Number         0  printfb.o ABSOLUTE
    ../clib/microlib/printf/printf.c         0x00000000   Number         0  printf0.o ABSOLUTE
    ../clib/microlib/printf/printf.c         0x00000000   Number         0  printf1.o ABSOLUTE
    ../clib/microlib/printf/printf.c         0x00000000   Number         0  printf2.o ABSOLUTE
    ../clib/microlib/printf/printf.c         0x00000000   Number         0  printf3.o ABSOLUTE
    ../clib/microlib/printf/printf.c         0x00000000   Number         0  printf4.o ABSOLUTE
    ../clib/microlib/printf/printf.c         0x00000000   Number         0  printf5.o ABSOLUTE
    ../clib/microlib/printf/printf.c         0x00000000   Number         0  printf6.o ABSOLUTE
    ../clib/microlib/printf/printf.c         0x00000000   Number         0  printf7.o ABSOLUTE
    ../clib/microlib/printf/printf.c         0x00000000   Number         0  printf8.o ABSOLUTE
    ../clib/microlib/printf/printf.c         0x00000000   Number         0  printfa.o ABSOLUTE
    ../clib/microlib/printf/stubs.s          0x00000000   Number         0  printfstubs.o ABSOLUTE
    ../clib/microlib/stdio/fputc.c           0x00000000   Number         0  fputc.o ABSOLUTE
    ../clib/microlib/stdio/fputc.c           0x00000000   Number         0  fputc_h.o ABSOLUTE
    ../clib/microlib/stdio/puts.c            0x00000000   Number         0  puts.o ABSOLUTE
    ../clib/microlib/stdio/puts.c            0x00000000   Number         0  puts_e.o ABSOLUTE
    ../clib/microlib/stdio/semi.s            0x00000000   Number         0  semi.o ABSOLUTE
    ../clib/microlib/stdio/streams.c         0x00000000   Number         0  stdout.o ABSOLUTE
    ../clib/microlib/string/memcpy.c         0x00000000   Number         0  memcpya.o ABSOLUTE
    ../clib/microlib/string/memcpy.c         0x00000000   Number         0  memcpyb.o ABSOLUTE
    ../clib/microlib/string/memset.c         0x00000000   Number         0  memseta.o ABSOLUTE
    ../clib/microlib/string/strcmp.c         0x00000000   Number         0  strcmp.o ABSOLUTE
    ../clib/microlib/string/strcpy.c         0x00000000   Number         0  strcpy.o ABSOLUTE
    ../clib/microlib/string/strlen.c         0x00000000   Number         0  strlen.o ABSOLUTE
    ../clib/microlib/string/strncmp.c        0x00000000   Number         0  strncmp.o ABSOLUTE
    ../clib/microlib/stubs.s                 0x00000000   Number         0  iusefp.o ABSOLUTE
    ../clib/microlib/stubs.s                 0x00000000   Number         0  iusesemip.o ABSOLUTE
    ../clib/scanf.c                          0x00000000   Number         0  __0sscanf.o ABSOLUTE
    ../clib/scanf.c                          0x00000000   Number         0  scanf_fp.o ABSOLUTE
    ../clib/scanf.c                          0x00000000   Number         0  scanf_char.o ABSOLUTE
    ../clib/scanf.c                          0x00000000   Number         0  _sgetc.o ABSOLUTE
    ../clib/scanf.c                          0x00000000   Number         0  strtod.o ABSOLUTE
    ../clib/scanf.c                          0x00000000   Number         0  _scanf.o ABSOLUTE
    ../fplib/microlib/d2f.c                  0x00000000   Number         0  d2f.o ABSOLUTE
    ../fplib/microlib/f2d.c                  0x00000000   Number         0  f2d.o ABSOLUTE
    ../fplib/microlib/fpadd.c                0x00000000   Number         0  dadd.o ABSOLUTE
    ../fplib/microlib/fpcmp.c                0x00000000   Number         0  dcmple.o ABSOLUTE
    ../fplib/microlib/fpcmp.c                0x00000000   Number         0  dcmpge.o ABSOLUTE
    ../fplib/microlib/fpcmp.c                0x00000000   Number         0  dcmpgt.o ABSOLUTE
    ../fplib/microlib/fpcmp.c                0x00000000   Number         0  dcmpeq.o ABSOLUTE
    ../fplib/microlib/fpdiv.c                0x00000000   Number         0  ddiv.o ABSOLUTE
    ../fplib/microlib/fpepilogue.c           0x00000000   Number         0  depilogue.o ABSOLUTE
    ../fplib/microlib/fpepilogue.c           0x00000000   Number         0  fepilogue.o ABSOLUTE
    ../fplib/microlib/fpfix.c                0x00000000   Number         0  dfixi.o ABSOLUTE
    ../fplib/microlib/fpfix.c                0x00000000   Number         0  dfixul.o ABSOLUTE
    ../fplib/microlib/fpflt.c                0x00000000   Number         0  dflti.o ABSOLUTE
    ../fplib/microlib/fpflt.c                0x00000000   Number         0  dfltul.o ABSOLUTE
    ../fplib/microlib/fpmul.c                0x00000000   Number         0  dmul.o ABSOLUTE
    ../mathlib/strtod.c                      0x00000000   Number         0  strtod.o ABSOLUTE
    cJSON.c                                  0x00000000   Number         0  cjson.o ABSOLUTE
    cdrcmple.s                               0x00000000   Number         0  cdrcmple.o ABSOLUTE
    dc.s                                     0x00000000   Number         0  dc.o ABSOLUTE
    gpio.c                                   0x00000000   Number         0  gpio.o ABSOLUTE
    handlers.s                               0x00000000   Number         0  handlers.o ABSOLUTE
    init.s                                   0x00000000   Number         0  init.o ABSOLUTE
    main.c                                   0x00000000   Number         0  main.o ABSOLUTE
    startup_stm32f407xx.s                    0x00000000   Number         0  startup_stm32f407xx.o ABSOLUTE
    stm32f4xx_hal.c                          0x00000000   Number         0  stm32f4xx_hal.o ABSOLUTE
    stm32f4xx_hal_cortex.c                   0x00000000   Number         0  stm32f4xx_hal_cortex.o ABSOLUTE
    stm32f4xx_hal_dma.c                      0x00000000   Number         0  stm32f4xx_hal_dma.o ABSOLUTE
    stm32f4xx_hal_dma_ex.c                   0x00000000   Number         0  stm32f4xx_hal_dma_ex.o ABSOLUTE
    stm32f4xx_hal_exti.c                     0x00000000   Number         0  stm32f4xx_hal_exti.o ABSOLUTE
    stm32f4xx_hal_flash.c                    0x00000000   Number         0  stm32f4xx_hal_flash.o ABSOLUTE
    stm32f4xx_hal_flash_ex.c                 0x00000000   Number         0  stm32f4xx_hal_flash_ex.o ABSOLUTE
    stm32f4xx_hal_flash_ramfunc.c            0x00000000   Number         0  stm32f4xx_hal_flash_ramfunc.o ABSOLUTE
    stm32f4xx_hal_gpio.c                     0x00000000   Number         0  stm32f4xx_hal_gpio.o ABSOLUTE
    stm32f4xx_hal_msp.c                      0x00000000   Number         0  stm32f4xx_hal_msp.o ABSOLUTE
    stm32f4xx_hal_pwr.c                      0x00000000   Number         0  stm32f4xx_hal_pwr.o ABSOLUTE
    stm32f4xx_hal_pwr_ex.c                   0x00000000   Number         0  stm32f4xx_hal_pwr_ex.o ABSOLUTE
    stm32f4xx_hal_rcc.c                      0x00000000   Number         0  stm32f4xx_hal_rcc.o ABSOLUTE
    stm32f4xx_hal_rcc_ex.c                   0x00000000   Number         0  stm32f4xx_hal_rcc_ex.o ABSOLUTE
    stm32f4xx_hal_tim.c                      0x00000000   Number         0  stm32f4xx_hal_tim.o ABSOLUTE
    stm32f4xx_hal_tim_ex.c                   0x00000000   Number         0  stm32f4xx_hal_tim_ex.o ABSOLUTE
    stm32f4xx_hal_uart.c                     0x00000000   Number         0  stm32f4xx_hal_uart.o ABSOLUTE
    stm32f4xx_it.c                           0x00000000   Number         0  stm32f4xx_it.o ABSOLUTE
    system_stm32f4xx.c                       0x00000000   Number         0  system_stm32f4xx.o ABSOLUTE
    usart.c                                  0x00000000   Number         0  usart.o ABSOLUTE
    RESET                                    0x08000000   Section      392  startup_stm32f407xx.o(RESET)
    .ARM.Collect$$$$00000000                 0x08000188   Section        0  entry.o(.ARM.Collect$$$$00000000)
    .ARM.Collect$$$$00000001                 0x08000188   Section        4  entry2.o(.ARM.Collect$$$$00000001)
    .ARM.Collect$$$$00000004                 0x0800018c   Section        4  entry5.o(.ARM.Collect$$$$00000004)
    .ARM.Collect$$$$00000008                 0x08000190   Section        0  entry7b.o(.ARM.Collect$$$$00000008)
    .ARM.Collect$$$$0000000A                 0x08000190   Section        0  entry8b.o(.ARM.Collect$$$$0000000A)
    .ARM.Collect$$$$0000000B                 0x08000190   Section        8  entry9a.o(.ARM.Collect$$$$0000000B)
    __lit__00000000                          0x08000198   Data           4  entry2.o(.ARM.Collect$$$$00002712)
    .ARM.Collect$$$$0000000D                 0x08000198   Section        0  entry10a.o(.ARM.Collect$$$$0000000D)
    .ARM.Collect$$$$0000000F                 0x08000198   Section        0  entry11a.o(.ARM.Collect$$$$0000000F)
    .ARM.Collect$$$$00002712                 0x08000198   Section        4  entry2.o(.ARM.Collect$$$$00002712)
    $v0                                      0x0800019c   Number         0  startup_stm32f407xx.o(.text)
    .text                                    0x0800019c   Section       36  startup_stm32f407xx.o(.text)
    .text                                    0x080001c0   Section        0  uldiv.o(.text)
    .text                                    0x08000222   Section        0  memcpya.o(.text)
    .text                                    0x08000246   Section        0  memseta.o(.text)
    .text                                    0x0800026a   Section        0  strlen.o(.text)
    .text                                    0x08000278   Section        0  strcmp.o(.text)
    .text                                    0x08000294   Section        0  strncmp.o(.text)
    _fp_value                                0x080002b5   Thumb Code   296  scanf_fp.o(.text)
    .text                                    0x080002b4   Section        0  scanf_fp.o(.text)
    .text                                    0x08000614   Section        0  dadd.o(.text)
    .text                                    0x08000762   Section        0  dmul.o(.text)
    .text                                    0x08000846   Section        0  dcmple.o(.text)
    .text                                    0x0800087c   Section        0  dcmpge.o(.text)
    .text                                    0x080008b2   Section        0  dfixi.o(.text)
    .text                                    0x080008f0   Section        0  uidiv.o(.text)
    .text                                    0x0800091c   Section        0  llshl.o(.text)
    .text                                    0x0800093a   Section        0  llushr.o(.text)
    .text                                    0x0800095a   Section        0  llsshr.o(.text)
    .text                                    0x0800097e   Section        0  _sgetc.o(.text)
    _local_sscanf                            0x080009c1   Thumb Code    62  strtod.o(.text)
    .text                                    0x080009c0   Section        0  strtod.o(.text)
    .text                                    0x08000a68   Section        0  iusefp.o(.text)
    .text                                    0x08000a68   Section        0  depilogue.o(.text)
    .text                                    0x08000b22   Section        0  ddiv.o(.text)
    .text                                    0x08000c00   Section        0  dfltul.o(.text)
    .text                                    0x08000c18   Section        0  dfixul.o(.text)
    .text                                    0x08000c48   Section       48  cdrcmple.o(.text)
    .text                                    0x08000c78   Section        0  d2f.o(.text)
    .text                                    0x08000cb0   Section       36  init.o(.text)
    .text                                    0x08000cd4   Section        0  semi.o(.text)
    .text                                    0x08000cd4   Section        0  isspace_c.o(.text)
    .text                                    0x08000cde   Section        0  iusesemip.o(.text)
    .text                                    0x08000cde   Section        0  fepilogue.o(.text)
    .text                                    0x08000d4c   Section        0  ctype_c.o(.text)
    [Anonymous Symbol]                       0x08000d74   Section        0  stm32f4xx_it.o(.text.BusFault_Handler)
    [Anonymous Symbol]                       0x08000d78   Section        0  stm32f4xx_it.o(.text.DebugMon_Handler)
    [Anonymous Symbol]                       0x08000d7c   Section        0  main.o(.text.Error_Handler)
    [Anonymous Symbol]                       0x08000d84   Section        0  stm32f4xx_hal_dma.o(.text.HAL_DMA_Abort)
    [Anonymous Symbol]                       0x08000e18   Section        0  stm32f4xx_hal_dma.o(.text.HAL_DMA_Abort_IT)
    [Anonymous Symbol]                       0x08000e3c   Section        0  stm32f4xx_hal_gpio.o(.text.HAL_GPIO_Init)
    [Anonymous Symbol]                       0x08000ff8   Section        0  stm32f4xx_hal_gpio.o(.text.HAL_GPIO_WritePin)
    [Anonymous Symbol]                       0x08001004   Section        0  stm32f4xx_hal.o(.text.HAL_GetTick)
    [Anonymous Symbol]                       0x08001010   Section        0  stm32f4xx_hal.o(.text.HAL_IncTick)
    [Anonymous Symbol]                       0x0800102c   Section        0  stm32f4xx_hal.o(.text.HAL_Init)
    [Anonymous Symbol]                       0x08001064   Section        0  stm32f4xx_hal.o(.text.HAL_InitTick)
    [Anonymous Symbol]                       0x080010ac   Section        0  stm32f4xx_hal_msp.o(.text.HAL_MspInit)
    [Anonymous Symbol]                       0x080010e4   Section        0  stm32f4xx_hal_cortex.o(.text.HAL_NVIC_EnableIRQ)
    [Anonymous Symbol]                       0x08001104   Section        0  stm32f4xx_hal_cortex.o(.text.HAL_NVIC_SetPriority)
    [Anonymous Symbol]                       0x0800115c   Section        0  stm32f4xx_hal_cortex.o(.text.HAL_NVIC_SetPriorityGrouping)
    [Anonymous Symbol]                       0x0800117c   Section        0  stm32f4xx_hal_rcc.o(.text.HAL_RCC_ClockConfig)
    [Anonymous Symbol]                       0x080012dc   Section        0  stm32f4xx_hal_rcc.o(.text.HAL_RCC_GetPCLK1Freq)
    [Anonymous Symbol]                       0x08001304   Section        0  stm32f4xx_hal_rcc.o(.text.HAL_RCC_GetPCLK2Freq)
    [Anonymous Symbol]                       0x0800132c   Section        0  stm32f4xx_hal_rcc.o(.text.HAL_RCC_GetSysClockFreq)
    [Anonymous Symbol]                       0x08001398   Section        0  stm32f4xx_hal_rcc.o(.text.HAL_RCC_OscConfig)
    [Anonymous Symbol]                       0x08001710   Section        0  stm32f4xx_hal_cortex.o(.text.HAL_SYSTICK_Config)
    [Anonymous Symbol]                       0x0800173c   Section        0  stm32f4xx_hal_uart.o(.text.HAL_UARTEx_RxEventCallback)
    [Anonymous Symbol]                       0x08001740   Section        0  stm32f4xx_hal_uart.o(.text.HAL_UART_ErrorCallback)
    [Anonymous Symbol]                       0x08001744   Section        0  stm32f4xx_hal_uart.o(.text.HAL_UART_IRQHandler)
    [Anonymous Symbol]                       0x08001cc4   Section        0  stm32f4xx_hal_uart.o(.text.HAL_UART_Init)
    [Anonymous Symbol]                       0x08001d24   Section        0  usart.o(.text.HAL_UART_MspInit)
    [Anonymous Symbol]                       0x08001da0   Section        0  stm32f4xx_hal_uart.o(.text.HAL_UART_Receive_IT)
    [Anonymous Symbol]                       0x08001df4   Section        0  main.o(.text.HAL_UART_RxCpltCallback)
    [Anonymous Symbol]                       0x08001e70   Section        0  stm32f4xx_hal_uart.o(.text.HAL_UART_TxCpltCallback)
    [Anonymous Symbol]                       0x08001e74   Section        0  stm32f4xx_it.o(.text.HardFault_Handler)
    [Anonymous Symbol]                       0x08001e78   Section        0  gpio.o(.text.MX_GPIO_Init)
    [Anonymous Symbol]                       0x08001f08   Section        0  usart.o(.text.MX_UART4_Init)
    [Anonymous Symbol]                       0x08001f44   Section        0  stm32f4xx_it.o(.text.MemManage_Handler)
    [Anonymous Symbol]                       0x08001f48   Section        0  stm32f4xx_it.o(.text.NMI_Handler)
    [Anonymous Symbol]                       0x08001f4c   Section        0  stm32f4xx_it.o(.text.PendSV_Handler)
    [Anonymous Symbol]                       0x08001f50   Section        0  stm32f4xx_it.o(.text.SVC_Handler)
    [Anonymous Symbol]                       0x08001f54   Section        0  stm32f4xx_it.o(.text.SysTick_Handler)
    [Anonymous Symbol]                       0x08001f58   Section        0  main.o(.text.SystemClock_Config)
    [Anonymous Symbol]                       0x08002000   Section        0  system_stm32f4xx.o(.text.SystemInit)
    [Anonymous Symbol]                       0x08002014   Section        0  stm32f4xx_it.o(.text.UART4_IRQHandler)
    UART_DMAAbortOnError                     0x08002021   Thumb Code    12  stm32f4xx_hal_uart.o(.text.UART_DMAAbortOnError)
    [Anonymous Symbol]                       0x08002020   Section        0  stm32f4xx_hal_uart.o(.text.UART_DMAAbortOnError)
    UART_Receive_IT                          0x0800202d   Thumb Code   258  stm32f4xx_hal_uart.o(.text.UART_Receive_IT)
    [Anonymous Symbol]                       0x0800202c   Section        0  stm32f4xx_hal_uart.o(.text.UART_Receive_IT)
    UART_SetConfig                           0x08002131   Thumb Code   226  stm32f4xx_hal_uart.o(.text.UART_SetConfig)
    [Anonymous Symbol]                       0x08002130   Section        0  stm32f4xx_hal_uart.o(.text.UART_SetConfig)
    [Anonymous Symbol]                       0x08002214   Section        0  stm32f4xx_it.o(.text.UsageFault_Handler)
    [Anonymous Symbol]                       0x08002218   Section        0  cjson.o(.text.cJSON_Delete)
    [Anonymous Symbol]                       0x08002270   Section        0  cjson.o(.text.cJSON_GetErrorPtr)
    [Anonymous Symbol]                       0x08002280   Section        0  cjson.o(.text.cJSON_GetObjectItemCaseSensitive)
    [Anonymous Symbol]                       0x080022bc   Section        0  cjson.o(.text.cJSON_IsArray)
    [Anonymous Symbol]                       0x080022d0   Section        0  cjson.o(.text.cJSON_IsNumber)
    [Anonymous Symbol]                       0x080022e4   Section        0  cjson.o(.text.cJSON_IsObject)
    [Anonymous Symbol]                       0x080022f8   Section        0  cjson.o(.text.cJSON_IsString)
    [Anonymous Symbol]                       0x0800230c   Section        0  cjson.o(.text.cJSON_Parse)
    [Anonymous Symbol]                       0x0800232c   Section        0  cjson.o(.text.cJSON_ParseWithLengthOpts)
    [Anonymous Symbol]                       0x080024f8   Section        0  main.o(.text.main)
    parse_hex4                               0x08002595   Thumb Code   256  cjson.o(.text.parse_hex4)
    [Anonymous Symbol]                       0x08002594   Section        0  cjson.o(.text.parse_hex4)
    [Anonymous Symbol]                       0x08002694   Section        0  main.o(.text.parse_json)
    parse_string                             0x080028cd   Thumb Code   682  cjson.o(.text.parse_string)
    [Anonymous Symbol]                       0x080028cc   Section        0  cjson.o(.text.parse_string)
    parse_value                              0x08002b79   Thumb Code  1816  cjson.o(.text.parse_value)
    [Anonymous Symbol]                       0x08002b78   Section        0  cjson.o(.text.parse_value)
    i.__0printf                              0x08003290   Section        0  printfa.o(i.__0printf)
    i.__free$realloc                         0x080032b0   Section        0  mallocr.o(i.__free$realloc)
    i.__hardfp_strtod                        0x08003310   Section        0  strtod.o(i.__hardfp_strtod)
    i.__malloc$realloc                       0x08003338   Section        0  mallocr.o(i.__malloc$realloc)
    i.__scatterload_copy                     0x08003388   Section       14  handlers.o(i.__scatterload_copy)
    i.__scatterload_null                     0x08003396   Section        2  handlers.o(i.__scatterload_null)
    i.__scatterload_zeroinit                 0x08003398   Section       14  handlers.o(i.__scatterload_zeroinit)
    _fp_digits                               0x080033a9   Thumb Code   366  printfa.o(i._fp_digits)
    i._fp_digits                             0x080033a8   Section        0  printfa.o(i._fp_digits)
    i._is_digit                              0x0800352c   Section        0  scanf_fp.o(i._is_digit)
    _printf_core                             0x0800353d   Thumb Code  1744  printfa.o(i._printf_core)
    i._printf_core                           0x0800353c   Section        0  printfa.o(i._printf_core)
    _printf_post_padding                     0x08003c19   Thumb Code    36  printfa.o(i._printf_post_padding)
    i._printf_post_padding                   0x08003c18   Section        0  printfa.o(i._printf_post_padding)
    _printf_pre_padding                      0x08003c3d   Thumb Code    46  printfa.o(i._printf_pre_padding)
    i._printf_pre_padding                    0x08003c3c   Section        0  printfa.o(i._printf_pre_padding)
    i.fputc                                  0x08003c6a   Section        0  fputc.o(i.fputc)
    internal_alloc                           0x08003c7d   Thumb Code    76  mallocr.o(i.internal_alloc)
    i.internal_alloc                         0x08003c7c   Section        0  mallocr.o(i.internal_alloc)
    i.puts                                   0x08003ccc   Section        0  puts.o(i.puts)
    i.realloc                                0x08003cf0   Section        0  mallocr.o(i.realloc)
    .constdata                               0x08003d5c   Section       64  ctype_c.o(.constdata)
    .L.str                                   0x08003db4   Data          24  main.o(.rodata.str1.1)
    [Anonymous Symbol]                       0x08003db4   Section        0  main.o(.rodata.str1.1)
    .Lstr.24                                 0x08003dcc   Data          36  main.o(.rodata.str1.1)
    .Lstr.22                                 0x08003dee   Data           2  main.o(.rodata.str1.1)
    .L.str.3                                 0x08003df0   Data           6  cjson.o(.rodata.str1.1)
    [Anonymous Symbol]                       0x08003df0   Section        0  cjson.o(.rodata.str1.1)
    .L.str.4                                 0x08003df6   Data           5  cjson.o(.rodata.str1.1)
    .L.str.2                                 0x08003dfb   Data           5  cjson.o(.rodata.str1.1)
    .data                                    0x20000000   Section        4  stdout.o(.data)
    .data                                    0x20000004   Section        4  mvars.o(.data)
    .data                                    0x20000008   Section        4  mvars.o(.data)
    .L_MergedGlobals                         0x2000000c   Data           8  stm32f4xx_hal.o(.data..L_MergedGlobals)
    [Anonymous Symbol]                       0x2000000c   Section        0  stm32f4xx_hal.o(.data..L_MergedGlobals)
    global_hooks                             0x20000018   Data          12  cjson.o(.data.global_hooks)
    [Anonymous Symbol]                       0x20000018   Section        0  cjson.o(.data.global_hooks)
    .L_MergedGlobals                         0x20000028   Data           4  main.o(.bss..L_MergedGlobals)
    [Anonymous Symbol]                       0x20000028   Section        0  main.o(.bss..L_MergedGlobals)
    .L_MergedGlobals                         0x2000002c   Data           8  cjson.o(.bss..L_MergedGlobals)
    global_error.0                           0x2000002c   Data           4  cjson.o(.bss..L_MergedGlobals)
    [Anonymous Symbol]                       0x2000002c   Section        0  cjson.o(.bss..L_MergedGlobals)
    global_error.1                           0x20000030   Data           4  cjson.o(.bss..L_MergedGlobals)
    HEAP                                     0x20000280   Section      512  startup_stm32f407xx.o(HEAP)
    STACK                                    0x20000480   Section     1024  startup_stm32f407xx.o(STACK)

    Global Symbols

    Symbol Name                              Value     Ov Type        Size  Object(Section)

    BuildAttributes$$THM_ISAv4$E$P$D$K$B$S$7EM$VFPi3$EXTD16$VFPS$VFMA$PE$A:L22UL41UL21$X:L11$S22US41US21$IEEE1$IW$~IW$USESV6$~STKCKD$USESV7$~SHL$OTIME$ROPI$IEEEJ$EBA8$MICROLIB$REQ8$PRES8$EABIv2 0x00000000   Number         0  anon$$obj.o ABSOLUTE
    _printf_a                                0x00000000   Number         0  printfstubs.o ABSOLUTE
    _printf_c                                0x00000000   Number         0  printfstubs.o ABSOLUTE
    _printf_charcount                        0x00000000   Number         0  printfstubs.o ABSOLUTE
    _printf_d                                0x00000000   Number         0  printfstubs.o ABSOLUTE
    _printf_e                                0x00000000   Number         0  printfstubs.o ABSOLUTE
    _printf_f                                0x00000000   Number         0  printfstubs.o ABSOLUTE
    _printf_flags                            0x00000000   Number         0  printfstubs.o ABSOLUTE
    _printf_fp_dec                           0x00000000   Number         0  printfstubs.o ABSOLUTE
    _printf_fp_hex                           0x00000000   Number         0  printfstubs.o ABSOLUTE
    _printf_g                                0x00000000   Number         0  printfstubs.o ABSOLUTE
    _printf_i                                0x00000000   Number         0  printfstubs.o ABSOLUTE
    _printf_int_dec                          0x00000000   Number         0  printfstubs.o ABSOLUTE
    _printf_l                                0x00000000   Number         0  printfstubs.o ABSOLUTE
    _printf_lc                               0x00000000   Number         0  printfstubs.o ABSOLUTE
    _printf_ll                               0x00000000   Number         0  printfstubs.o ABSOLUTE
    _printf_lld                              0x00000000   Number         0  printfstubs.o ABSOLUTE
    _printf_lli                              0x00000000   Number         0  printfstubs.o ABSOLUTE
    _printf_llo                              0x00000000   Number         0  printfstubs.o ABSOLUTE
    _printf_llu                              0x00000000   Number         0  printfstubs.o ABSOLUTE
    _printf_llx                              0x00000000   Number         0  printfstubs.o ABSOLUTE
    _printf_longlong_dec                     0x00000000   Number         0  printfstubs.o ABSOLUTE
    _printf_longlong_hex                     0x00000000   Number         0  printfstubs.o ABSOLUTE
    _printf_longlong_oct                     0x00000000   Number         0  printfstubs.o ABSOLUTE
    _printf_ls                               0x00000000   Number         0  printfstubs.o ABSOLUTE
    _printf_mbtowc                           0x00000000   Number         0  printfstubs.o ABSOLUTE
    _printf_n                                0x00000000   Number         0  printfstubs.o ABSOLUTE
    _printf_o                                0x00000000   Number         0  printfstubs.o ABSOLUTE
    _printf_p                                0x00000000   Number         0  printfstubs.o ABSOLUTE
    _printf_percent                          0x00000000   Number         0  printfstubs.o ABSOLUTE
    _printf_pre_padding                      0x00000000   Number         0  printfstubs.o ABSOLUTE
    _printf_return_value                     0x00000000   Number         0  printfstubs.o ABSOLUTE
    _printf_s                                0x00000000   Number         0  printfstubs.o ABSOLUTE
    _printf_sizespec                         0x00000000   Number         0  printfstubs.o ABSOLUTE
    _printf_str                              0x00000000   Number         0  printfstubs.o ABSOLUTE
    _printf_truncate_signed                  0x00000000   Number         0  printfstubs.o ABSOLUTE
    _printf_truncate_unsigned                0x00000000   Number         0  printfstubs.o ABSOLUTE
    _printf_u                                0x00000000   Number         0  printfstubs.o ABSOLUTE
    _printf_wc                               0x00000000   Number         0  printfstubs.o ABSOLUTE
    _printf_wctomb                           0x00000000   Number         0  printfstubs.o ABSOLUTE
    _printf_widthprec                        0x00000000   Number         0  printfstubs.o ABSOLUTE
    _printf_x                                0x00000000   Number         0  printfstubs.o ABSOLUTE
    __cpp_initialize__aeabi_                  - Undefined Weak Reference
    __cxa_finalize                            - Undefined Weak Reference
    __decompress                              - Undefined Weak Reference
    _clock_init                               - Undefined Weak Reference
    _microlib_exit                            - Undefined Weak Reference
    _scanf_int                                - Undefined Weak Reference
    _scanf_longlong                           - Undefined Weak Reference
    _scanf_string                             - Undefined Weak Reference
    __Vectors_Size                           0x00000188   Number         0  startup_stm32f407xx.o ABSOLUTE
    __Vectors                                0x08000000   Data           4  startup_stm32f407xx.o(RESET)
    __Vectors_End                            0x08000188   Data           0  startup_stm32f407xx.o(RESET)
    __main                                   0x08000189   Thumb Code     0  entry.o(.ARM.Collect$$$$00000000)
    _main_stk                                0x08000189   Thumb Code     0  entry2.o(.ARM.Collect$$$$00000001)
    _main_scatterload                        0x0800018d   Thumb Code     0  entry5.o(.ARM.Collect$$$$00000004)
    __main_after_scatterload                 0x08000191   Thumb Code     0  entry5.o(.ARM.Collect$$$$00000004)
    _main_clock                              0x08000191   Thumb Code     0  entry7b.o(.ARM.Collect$$$$00000008)
    _main_cpp_init                           0x08000191   Thumb Code     0  entry8b.o(.ARM.Collect$$$$0000000A)
    _main_init                               0x08000191   Thumb Code     0  entry9a.o(.ARM.Collect$$$$0000000B)
    __rt_final_cpp                           0x08000199   Thumb Code     0  entry10a.o(.ARM.Collect$$$$0000000D)
    __rt_final_exit                          0x08000199   Thumb Code     0  entry11a.o(.ARM.Collect$$$$0000000F)
    Reset_Handler                            0x0800019d   Thumb Code     8  startup_stm32f407xx.o(.text)
    ADC_IRQHandler                           0x080001b7   Thumb Code     0  startup_stm32f407xx.o(.text)
    CAN1_RX0_IRQHandler                      0x080001b7   Thumb Code     0  startup_stm32f407xx.o(.text)
    CAN1_RX1_IRQHandler                      0x080001b7   Thumb Code     0  startup_stm32f407xx.o(.text)
    CAN1_SCE_IRQHandler                      0x080001b7   Thumb Code     0  startup_stm32f407xx.o(.text)
    CAN1_TX_IRQHandler                       0x080001b7   Thumb Code     0  startup_stm32f407xx.o(.text)
    CAN2_RX0_IRQHandler                      0x080001b7   Thumb Code     0  startup_stm32f407xx.o(.text)
    CAN2_RX1_IRQHandler                      0x080001b7   Thumb Code     0  startup_stm32f407xx.o(.text)
    CAN2_SCE_IRQHandler                      0x080001b7   Thumb Code     0  startup_stm32f407xx.o(.text)
    CAN2_TX_IRQHandler                       0x080001b7   Thumb Code     0  startup_stm32f407xx.o(.text)
    DCMI_IRQHandler                          0x080001b7   Thumb Code     0  startup_stm32f407xx.o(.text)
    DMA1_Stream0_IRQHandler                  0x080001b7   Thumb Code     0  startup_stm32f407xx.o(.text)
    DMA1_Stream1_IRQHandler                  0x080001b7   Thumb Code     0  startup_stm32f407xx.o(.text)
    DMA1_Stream2_IRQHandler                  0x080001b7   Thumb Code     0  startup_stm32f407xx.o(.text)
    DMA1_Stream3_IRQHandler                  0x080001b7   Thumb Code     0  startup_stm32f407xx.o(.text)
    DMA1_Stream4_IRQHandler                  0x080001b7   Thumb Code     0  startup_stm32f407xx.o(.text)
    DMA1_Stream5_IRQHandler                  0x080001b7   Thumb Code     0  startup_stm32f407xx.o(.text)
    DMA1_Stream6_IRQHandler                  0x080001b7   Thumb Code     0  startup_stm32f407xx.o(.text)
    DMA1_Stream7_IRQHandler                  0x080001b7   Thumb Code     0  startup_stm32f407xx.o(.text)
    DMA2_Stream0_IRQHandler                  0x080001b7   Thumb Code     0  startup_stm32f407xx.o(.text)
    DMA2_Stream1_IRQHandler                  0x080001b7   Thumb Code     0  startup_stm32f407xx.o(.text)
    DMA2_Stream2_IRQHandler                  0x080001b7   Thumb Code     0  startup_stm32f407xx.o(.text)
    DMA2_Stream3_IRQHandler                  0x080001b7   Thumb Code     0  startup_stm32f407xx.o(.text)
    DMA2_Stream4_IRQHandler                  0x080001b7   Thumb Code     0  startup_stm32f407xx.o(.text)
    DMA2_Stream5_IRQHandler                  0x080001b7   Thumb Code     0  startup_stm32f407xx.o(.text)
    DMA2_Stream6_IRQHandler                  0x080001b7   Thumb Code     0  startup_stm32f407xx.o(.text)
    DMA2_Stream7_IRQHandler                  0x080001b7   Thumb Code     0  startup_stm32f407xx.o(.text)
    ETH_IRQHandler                           0x080001b7   Thumb Code     0  startup_stm32f407xx.o(.text)
    ETH_WKUP_IRQHandler                      0x080001b7   Thumb Code     0  startup_stm32f407xx.o(.text)
    EXTI0_IRQHandler                         0x080001b7   Thumb Code     0  startup_stm32f407xx.o(.text)
    EXTI15_10_IRQHandler                     0x080001b7   Thumb Code     0  startup_stm32f407xx.o(.text)
    EXTI1_IRQHandler                         0x080001b7   Thumb Code     0  startup_stm32f407xx.o(.text)
    EXTI2_IRQHandler                         0x080001b7   Thumb Code     0  startup_stm32f407xx.o(.text)
    EXTI3_IRQHandler                         0x080001b7   Thumb Code     0  startup_stm32f407xx.o(.text)
    EXTI4_IRQHandler                         0x080001b7   Thumb Code     0  startup_stm32f407xx.o(.text)
    EXTI9_5_IRQHandler                       0x080001b7   Thumb Code     0  startup_stm32f407xx.o(.text)
    FLASH_IRQHandler                         0x080001b7   Thumb Code     0  startup_stm32f407xx.o(.text)
    FMC_IRQHandler                           0x080001b7   Thumb Code     0  startup_stm32f407xx.o(.text)
    FPU_IRQHandler                           0x080001b7   Thumb Code     0  startup_stm32f407xx.o(.text)
    HASH_RNG_IRQHandler                      0x080001b7   Thumb Code     0  startup_stm32f407xx.o(.text)
    I2C1_ER_IRQHandler                       0x080001b7   Thumb Code     0  startup_stm32f407xx.o(.text)
    I2C1_EV_IRQHandler                       0x080001b7   Thumb Code     0  startup_stm32f407xx.o(.text)
    I2C2_ER_IRQHandler                       0x080001b7   Thumb Code     0  startup_stm32f407xx.o(.text)
    I2C2_EV_IRQHandler                       0x080001b7   Thumb Code     0  startup_stm32f407xx.o(.text)
    I2C3_ER_IRQHandler                       0x080001b7   Thumb Code     0  startup_stm32f407xx.o(.text)
    I2C3_EV_IRQHandler                       0x080001b7   Thumb Code     0  startup_stm32f407xx.o(.text)
    OTG_FS_IRQHandler                        0x080001b7   Thumb Code     0  startup_stm32f407xx.o(.text)
    OTG_FS_WKUP_IRQHandler                   0x080001b7   Thumb Code     0  startup_stm32f407xx.o(.text)
    OTG_HS_EP1_IN_IRQHandler                 0x080001b7   Thumb Code     0  startup_stm32f407xx.o(.text)
    OTG_HS_EP1_OUT_IRQHandler                0x080001b7   Thumb Code     0  startup_stm32f407xx.o(.text)
    OTG_HS_IRQHandler                        0x080001b7   Thumb Code     0  startup_stm32f407xx.o(.text)
    OTG_HS_WKUP_IRQHandler                   0x080001b7   Thumb Code     0  startup_stm32f407xx.o(.text)
    PVD_IRQHandler                           0x080001b7   Thumb Code     0  startup_stm32f407xx.o(.text)
    RCC_IRQHandler                           0x080001b7   Thumb Code     0  startup_stm32f407xx.o(.text)
    RTC_Alarm_IRQHandler                     0x080001b7   Thumb Code     0  startup_stm32f407xx.o(.text)
    RTC_WKUP_IRQHandler                      0x080001b7   Thumb Code     0  startup_stm32f407xx.o(.text)
    SDIO_IRQHandler                          0x080001b7   Thumb Code     0  startup_stm32f407xx.o(.text)
    SPI1_IRQHandler                          0x080001b7   Thumb Code     0  startup_stm32f407xx.o(.text)
    SPI2_IRQHandler                          0x080001b7   Thumb Code     0  startup_stm32f407xx.o(.text)
    SPI3_IRQHandler                          0x080001b7   Thumb Code     0  startup_stm32f407xx.o(.text)
    TAMP_STAMP_IRQHandler                    0x080001b7   Thumb Code     0  startup_stm32f407xx.o(.text)
    TIM1_BRK_TIM9_IRQHandler                 0x080001b7   Thumb Code     0  startup_stm32f407xx.o(.text)
    TIM1_CC_IRQHandler                       0x080001b7   Thumb Code     0  startup_stm32f407xx.o(.text)
    TIM1_TRG_COM_TIM11_IRQHandler            0x080001b7   Thumb Code     0  startup_stm32f407xx.o(.text)
    TIM1_UP_TIM10_IRQHandler                 0x080001b7   Thumb Code     0  startup_stm32f407xx.o(.text)
    TIM2_IRQHandler                          0x080001b7   Thumb Code     0  startup_stm32f407xx.o(.text)
    TIM3_IRQHandler                          0x080001b7   Thumb Code     0  startup_stm32f407xx.o(.text)
    TIM4_IRQHandler                          0x080001b7   Thumb Code     0  startup_stm32f407xx.o(.text)
    TIM5_IRQHandler                          0x080001b7   Thumb Code     0  startup_stm32f407xx.o(.text)
    TIM6_DAC_IRQHandler                      0x080001b7   Thumb Code     0  startup_stm32f407xx.o(.text)
    TIM7_IRQHandler                          0x080001b7   Thumb Code     0  startup_stm32f407xx.o(.text)
    TIM8_BRK_TIM12_IRQHandler                0x080001b7   Thumb Code     0  startup_stm32f407xx.o(.text)
    TIM8_CC_IRQHandler                       0x080001b7   Thumb Code     0  startup_stm32f407xx.o(.text)
    TIM8_TRG_COM_TIM14_IRQHandler            0x080001b7   Thumb Code     0  startup_stm32f407xx.o(.text)
    TIM8_UP_TIM13_IRQHandler                 0x080001b7   Thumb Code     0  startup_stm32f407xx.o(.text)
    UART5_IRQHandler                         0x080001b7   Thumb Code     0  startup_stm32f407xx.o(.text)
    USART1_IRQHandler                        0x080001b7   Thumb Code     0  startup_stm32f407xx.o(.text)
    USART2_IRQHandler                        0x080001b7   Thumb Code     0  startup_stm32f407xx.o(.text)
    USART3_IRQHandler                        0x080001b7   Thumb Code     0  startup_stm32f407xx.o(.text)
    USART6_IRQHandler                        0x080001b7   Thumb Code     0  startup_stm32f407xx.o(.text)
    WWDG_IRQHandler                          0x080001b7   Thumb Code     0  startup_stm32f407xx.o(.text)
    __aeabi_uldivmod                         0x080001c1   Thumb Code    98  uldiv.o(.text)
    __aeabi_memcpy                           0x08000223   Thumb Code    36  memcpya.o(.text)
    __aeabi_memcpy4                          0x08000223   Thumb Code     0  memcpya.o(.text)
    __aeabi_memcpy8                          0x08000223   Thumb Code     0  memcpya.o(.text)
    __aeabi_memset                           0x08000247   Thumb Code    14  memseta.o(.text)
    __aeabi_memset4                          0x08000247   Thumb Code     0  memseta.o(.text)
    __aeabi_memset8                          0x08000247   Thumb Code     0  memseta.o(.text)
    __aeabi_memclr                           0x08000255   Thumb Code     4  memseta.o(.text)
    __aeabi_memclr4                          0x08000255   Thumb Code     0  memseta.o(.text)
    __aeabi_memclr8                          0x08000255   Thumb Code     0  memseta.o(.text)
    _memset$wrapper                          0x08000259   Thumb Code    18  memseta.o(.text)
    strlen                                   0x0800026b   Thumb Code    14  strlen.o(.text)
    strcmp                                   0x08000279   Thumb Code    28  strcmp.o(.text)
    strncmp                                  0x08000295   Thumb Code    30  strncmp.o(.text)
    _scanf_real                              0x080003dd   Thumb Code     0  scanf_fp.o(.text)
    _scanf_really_real                       0x080003dd   Thumb Code   556  scanf_fp.o(.text)
    __aeabi_dadd                             0x08000615   Thumb Code   322  dadd.o(.text)
    __aeabi_dsub                             0x08000757   Thumb Code     6  dadd.o(.text)
    __aeabi_drsub                            0x0800075d   Thumb Code     6  dadd.o(.text)
    __aeabi_dmul                             0x08000763   Thumb Code   228  dmul.o(.text)
    __aeabi_dcmple                           0x08000847   Thumb Code    54  dcmple.o(.text)
    __aeabi_dcmpge                           0x0800087d   Thumb Code    54  dcmpge.o(.text)
    __aeabi_d2iz                             0x080008b3   Thumb Code    62  dfixi.o(.text)
    __aeabi_uidiv                            0x080008f1   Thumb Code     0  uidiv.o(.text)
    __aeabi_uidivmod                         0x080008f1   Thumb Code    44  uidiv.o(.text)
    __aeabi_llsl                             0x0800091d   Thumb Code    30  llshl.o(.text)
    _ll_shift_l                              0x0800091d   Thumb Code     0  llshl.o(.text)
    __aeabi_llsr                             0x0800093b   Thumb Code    32  llushr.o(.text)
    _ll_ushift_r                             0x0800093b   Thumb Code     0  llushr.o(.text)
    __aeabi_lasr                             0x0800095b   Thumb Code    36  llsshr.o(.text)
    _ll_sshift_r                             0x0800095b   Thumb Code     0  llsshr.o(.text)
    _sgetc                                   0x0800097f   Thumb Code    30  _sgetc.o(.text)
    _sbackspace                              0x0800099d   Thumb Code    34  _sgetc.o(.text)
    __strtod_int                             0x080009ff   Thumb Code    94  strtod.o(.text)
    __I$use$fp                               0x08000a69   Thumb Code     0  iusefp.o(.text)
    _double_round                            0x08000a69   Thumb Code    30  depilogue.o(.text)
    _double_epilogue                         0x08000a87   Thumb Code   156  depilogue.o(.text)
    __aeabi_ddiv                             0x08000b23   Thumb Code   222  ddiv.o(.text)
    __aeabi_ul2d                             0x08000c01   Thumb Code    24  dfltul.o(.text)
    __aeabi_d2ulz                            0x08000c19   Thumb Code    48  dfixul.o(.text)
    __aeabi_cdrcmple                         0x08000c49   Thumb Code    48  cdrcmple.o(.text)
    __aeabi_d2f                              0x08000c79   Thumb Code    56  d2f.o(.text)
    __scatterload                            0x08000cb1   Thumb Code    28  init.o(.text)
    __scatterload_rt2                        0x08000cb1   Thumb Code     0  init.o(.text)
    __semihosting_library_function           0x08000cd5   Thumb Code     0  semi.o(.text)
    isspace                                  0x08000cd5   Thumb Code    10  isspace_c.o(.text)
    __I$use$semihosting$fputc                0x08000cdf   Thumb Code     0  iusesemip.o(.text)
    _float_round                             0x08000cdf   Thumb Code    18  fepilogue.o(.text)
    _float_epilogue                          0x08000cf1   Thumb Code    92  fepilogue.o(.text)
    __ctype_lookup                           0x08000d4d   Thumb Code    34  ctype_c.o(.text)
    BusFault_Handler                         0x08000d75   Thumb Code     2  stm32f4xx_it.o(.text.BusFault_Handler)
    DebugMon_Handler                         0x08000d79   Thumb Code     2  stm32f4xx_it.o(.text.DebugMon_Handler)
    Error_Handler                            0x08000d7d   Thumb Code     6  main.o(.text.Error_Handler)
    HAL_DMA_Abort                            0x08000d85   Thumb Code   146  stm32f4xx_hal_dma.o(.text.HAL_DMA_Abort)
    HAL_DMA_Abort_IT                         0x08000e19   Thumb Code    36  stm32f4xx_hal_dma.o(.text.HAL_DMA_Abort_IT)
    HAL_GPIO_Init                            0x08000e3d   Thumb Code   442  stm32f4xx_hal_gpio.o(.text.HAL_GPIO_Init)
    HAL_GPIO_WritePin                        0x08000ff9   Thumb Code    10  stm32f4xx_hal_gpio.o(.text.HAL_GPIO_WritePin)
    HAL_GetTick                              0x08001005   Thumb Code    12  stm32f4xx_hal.o(.text.HAL_GetTick)
    HAL_IncTick                              0x08001011   Thumb Code    26  stm32f4xx_hal.o(.text.HAL_IncTick)
    HAL_Init                                 0x0800102d   Thumb Code    54  stm32f4xx_hal.o(.text.HAL_Init)
    HAL_InitTick                             0x08001065   Thumb Code    72  stm32f4xx_hal.o(.text.HAL_InitTick)
    HAL_MspInit                              0x080010ad   Thumb Code    56  stm32f4xx_hal_msp.o(.text.HAL_MspInit)
    HAL_NVIC_EnableIRQ                       0x080010e5   Thumb Code    32  stm32f4xx_hal_cortex.o(.text.HAL_NVIC_EnableIRQ)
    HAL_NVIC_SetPriority                     0x08001105   Thumb Code    86  stm32f4xx_hal_cortex.o(.text.HAL_NVIC_SetPriority)
    HAL_NVIC_SetPriorityGrouping             0x0800115d   Thumb Code    32  stm32f4xx_hal_cortex.o(.text.HAL_NVIC_SetPriorityGrouping)
    HAL_RCC_ClockConfig                      0x0800117d   Thumb Code   352  stm32f4xx_hal_rcc.o(.text.HAL_RCC_ClockConfig)
    HAL_RCC_GetPCLK1Freq                     0x080012dd   Thumb Code    38  stm32f4xx_hal_rcc.o(.text.HAL_RCC_GetPCLK1Freq)
    HAL_RCC_GetPCLK2Freq                     0x08001305   Thumb Code    38  stm32f4xx_hal_rcc.o(.text.HAL_RCC_GetPCLK2Freq)
    HAL_RCC_GetSysClockFreq                  0x0800132d   Thumb Code   106  stm32f4xx_hal_rcc.o(.text.HAL_RCC_GetSysClockFreq)
    HAL_RCC_OscConfig                        0x08001399   Thumb Code   888  stm32f4xx_hal_rcc.o(.text.HAL_RCC_OscConfig)
    HAL_SYSTICK_Config                       0x08001711   Thumb Code    44  stm32f4xx_hal_cortex.o(.text.HAL_SYSTICK_Config)
    HAL_UARTEx_RxEventCallback               0x0800173d   Thumb Code     2  stm32f4xx_hal_uart.o(.text.HAL_UARTEx_RxEventCallback)
    HAL_UART_ErrorCallback                   0x08001741   Thumb Code     2  stm32f4xx_hal_uart.o(.text.HAL_UART_ErrorCallback)
    HAL_UART_IRQHandler                      0x08001745   Thumb Code  1406  stm32f4xx_hal_uart.o(.text.HAL_UART_IRQHandler)
    HAL_UART_Init                            0x08001cc5   Thumb Code    96  stm32f4xx_hal_uart.o(.text.HAL_UART_Init)
    HAL_UART_MspInit                         0x08001d25   Thumb Code   124  usart.o(.text.HAL_UART_MspInit)
    HAL_UART_Receive_IT                      0x08001da1   Thumb Code    82  stm32f4xx_hal_uart.o(.text.HAL_UART_Receive_IT)
    HAL_UART_RxCpltCallback                  0x08001df5   Thumb Code   122  main.o(.text.HAL_UART_RxCpltCallback)
    HAL_UART_TxCpltCallback                  0x08001e71   Thumb Code     2  stm32f4xx_hal_uart.o(.text.HAL_UART_TxCpltCallback)
    HardFault_Handler                        0x08001e75   Thumb Code     2  stm32f4xx_it.o(.text.HardFault_Handler)
    MX_GPIO_Init                             0x08001e79   Thumb Code   144  gpio.o(.text.MX_GPIO_Init)
    MX_UART4_Init                            0x08001f09   Thumb Code    60  usart.o(.text.MX_UART4_Init)
    MemManage_Handler                        0x08001f45   Thumb Code     2  stm32f4xx_it.o(.text.MemManage_Handler)
    NMI_Handler                              0x08001f49   Thumb Code     2  stm32f4xx_it.o(.text.NMI_Handler)
    PendSV_Handler                           0x08001f4d   Thumb Code     2  stm32f4xx_it.o(.text.PendSV_Handler)
    SVC_Handler                              0x08001f51   Thumb Code     2  stm32f4xx_it.o(.text.SVC_Handler)
    SysTick_Handler                          0x08001f55   Thumb Code     4  stm32f4xx_it.o(.text.SysTick_Handler)
    SystemClock_Config                       0x08001f59   Thumb Code   168  main.o(.text.SystemClock_Config)
    SystemInit                               0x08002001   Thumb Code    18  system_stm32f4xx.o(.text.SystemInit)
    UART4_IRQHandler                         0x08002015   Thumb Code    12  stm32f4xx_it.o(.text.UART4_IRQHandler)
    UsageFault_Handler                       0x08002215   Thumb Code     2  stm32f4xx_it.o(.text.UsageFault_Handler)
    cJSON_Delete                             0x08002219   Thumb Code    88  cjson.o(.text.cJSON_Delete)
    cJSON_GetErrorPtr                        0x08002271   Thumb Code    16  cjson.o(.text.cJSON_GetErrorPtr)
    cJSON_GetObjectItemCaseSensitive         0x08002281   Thumb Code    60  cjson.o(.text.cJSON_GetObjectItemCaseSensitive)
    cJSON_IsArray                            0x080022bd   Thumb Code    20  cjson.o(.text.cJSON_IsArray)
    cJSON_IsNumber                           0x080022d1   Thumb Code    20  cjson.o(.text.cJSON_IsNumber)
    cJSON_IsObject                           0x080022e5   Thumb Code    20  cjson.o(.text.cJSON_IsObject)
    cJSON_IsString                           0x080022f9   Thumb Code    20  cjson.o(.text.cJSON_IsString)
    cJSON_Parse                              0x0800230d   Thumb Code    32  cjson.o(.text.cJSON_Parse)
    cJSON_ParseWithLengthOpts                0x0800232d   Thumb Code   456  cjson.o(.text.cJSON_ParseWithLengthOpts)
    main                                     0x080024f9   Thumb Code   140  main.o(.text.main)
    parse_json                               0x08002695   Thumb Code   376  main.o(.text.parse_json)
    __0printf                                0x08003291   Thumb Code    22  printfa.o(i.__0printf)
    __1printf                                0x08003291   Thumb Code     0  printfa.o(i.__0printf)
    __2printf                                0x08003291   Thumb Code     0  printfa.o(i.__0printf)
    __c89printf                              0x08003291   Thumb Code     0  printfa.o(i.__0printf)
    printf                                   0x08003291   Thumb Code     0  printfa.o(i.__0printf)
    free                                     0x080032b1   Thumb Code    88  mallocr.o(i.__free$realloc)
    __hardfp_strtod                          0x08003311   Thumb Code    32  strtod.o(i.__hardfp_strtod)
    malloc                                   0x08003339   Thumb Code    64  mallocr.o(i.__malloc$realloc)
    __scatterload_copy                       0x08003389   Thumb Code    14  handlers.o(i.__scatterload_copy)
    __scatterload_null                       0x08003397   Thumb Code     2  handlers.o(i.__scatterload_null)
    __scatterload_zeroinit                   0x08003399   Thumb Code    14  handlers.o(i.__scatterload_zeroinit)
    _is_digit                                0x0800352d   Thumb Code    14  scanf_fp.o(i._is_digit)
    fputc                                    0x08003c6b   Thumb Code    18  fputc.o(i.fputc)
    puts                                     0x08003ccd   Thumb Code    30  puts.o(i.puts)
    realloc                                  0x08003cf1   Thumb Code   102  mallocr.o(i.realloc)
    __ctype_categories                       0x08003d5c   Data          64  ctype_c.o(.constdata)
    AHBPrescTable                            0x08003d9c   Data          16  system_stm32f4xx.o(.rodata.AHBPrescTable)
    APBPrescTable                            0x08003dac   Data           8  system_stm32f4xx.o(.rodata.APBPrescTable)
    Region$$Table$$Base                      0x08003e00   Number         0  anon$$obj.o(Region$$Table)
    Region$$Table$$Limit                     0x08003e20   Number         0  anon$$obj.o(Region$$Table)
    __stdout                                 0x20000000   Data           4  stdout.o(.data)
    __microlib_freelist                      0x20000004   Data           4  mvars.o(.data)
    __microlib_freelist_initialised          0x20000008   Data           4  mvars.o(.data)
    uwTickFreq                               0x2000000c   Data           1  stm32f4xx_hal.o(.data..L_MergedGlobals)
    uwTickPrio                               0x20000010   Data           4  stm32f4xx_hal.o(.data..L_MergedGlobals)
    SystemCoreClock                          0x20000014   Data           4  system_stm32f4xx.o(.data.SystemCoreClock)
    recv_flag                                0x20000028   Data           1  main.o(.bss..L_MergedGlobals)
    rx_index                                 0x2000002a   Data           2  main.o(.bss..L_MergedGlobals)
    huart4                                   0x20000034   Data          72  usart.o(.bss.huart4)
    rx_buffer                                0x2000007c   Data         512  main.o(.bss.rx_buffer)
    uwTick                                   0x2000027c   Data           4  stm32f4xx_hal.o(.bss.uwTick)
    __heap_base                              0x20000280   Data           0  startup_stm32f407xx.o(HEAP)
    __heap_limit                             0x20000480   Data           0  startup_stm32f407xx.o(HEAP)
    __initial_sp                             0x20000880   Data           0  startup_stm32f407xx.o(STACK)



==============================================================================

Memory Map of the image

  Image Entry point : 0x08000189

  Load Region LR_IROM1 (Base: 0x08000000, Size: 0x00003e48, Max: 0x00080000, ABSOLUTE)

    Execution Region ER_IROM1 (Exec base: 0x08000000, Load base: 0x08000000, Size: 0x00003e20, Max: 0x00080000, ABSOLUTE)

    Exec Addr    Load Addr    Size         Type   Attr      Idx    E Section Name        Object

    0x08000000   0x08000000   0x00000188   Data   RO            3    RESET               startup_stm32f407xx.o
    0x08000188   0x08000188   0x00000000   Code   RO          809  * .ARM.Collect$$$$00000000  mc_w.l(entry.o)
    0x08000188   0x08000188   0x00000004   Code   RO         1147    .ARM.Collect$$$$00000001  mc_w.l(entry2.o)
    0x0800018c   0x0800018c   0x00000004   Code   RO         1150    .ARM.Collect$$$$00000004  mc_w.l(entry5.o)
    0x08000190   0x08000190   0x00000000   Code   RO         1152    .ARM.Collect$$$$00000008  mc_w.l(entry7b.o)
    0x08000190   0x08000190   0x00000000   Code   RO         1154    .ARM.Collect$$$$0000000A  mc_w.l(entry8b.o)
    0x08000190   0x08000190   0x00000008   Code   RO         1155    .ARM.Collect$$$$0000000B  mc_w.l(entry9a.o)
    0x08000198   0x08000198   0x00000000   Code   RO         1157    .ARM.Collect$$$$0000000D  mc_w.l(entry10a.o)
    0x08000198   0x08000198   0x00000000   Code   RO         1159    .ARM.Collect$$$$0000000F  mc_w.l(entry11a.o)
    0x08000198   0x08000198   0x00000004   Code   RO         1148    .ARM.Collect$$$$00002712  mc_w.l(entry2.o)
    0x0800019c   0x0800019c   0x00000024   Code   RO            4    .text               startup_stm32f407xx.o
    0x080001c0   0x080001c0   0x00000062   Code   RO          816    .text               mc_w.l(uldiv.o)
    0x08000222   0x08000222   0x00000024   Code   RO          820    .text               mc_w.l(memcpya.o)
    0x08000246   0x08000246   0x00000024   Code   RO          822    .text               mc_w.l(memseta.o)
    0x0800026a   0x0800026a   0x0000000e   Code   RO          824    .text               mc_w.l(strlen.o)
    0x08000278   0x08000278   0x0000001c   Code   RO          826    .text               mc_w.l(strcmp.o)
    0x08000294   0x08000294   0x0000001e   Code   RO          830    .text               mc_w.l(strncmp.o)
    0x080002b2   0x080002b2   0x00000002   PAD
    0x080002b4   0x080002b4   0x00000360   Code   RO         1125    .text               mc_w.l(scanf_fp.o)
    0x08000614   0x08000614   0x0000014e   Code   RO         1129    .text               mf_w.l(dadd.o)
    0x08000762   0x08000762   0x000000e4   Code   RO         1131    .text               mf_w.l(dmul.o)
    0x08000846   0x08000846   0x00000036   Code   RO         1133    .text               mf_w.l(dcmple.o)
    0x0800087c   0x0800087c   0x00000036   Code   RO         1135    .text               mf_w.l(dcmpge.o)
    0x080008b2   0x080008b2   0x0000003e   Code   RO         1143    .text               mf_w.l(dfixi.o)
    0x080008f0   0x080008f0   0x0000002c   Code   RO         1175    .text               mc_w.l(uidiv.o)
    0x0800091c   0x0800091c   0x0000001e   Code   RO         1177    .text               mc_w.l(llshl.o)
    0x0800093a   0x0800093a   0x00000020   Code   RO         1179    .text               mc_w.l(llushr.o)
    0x0800095a   0x0800095a   0x00000024   Code   RO         1181    .text               mc_w.l(llsshr.o)
    0x0800097e   0x0800097e   0x00000040   Code   RO         1187    .text               mc_w.l(_sgetc.o)
    0x080009be   0x080009be   0x00000002   PAD
    0x080009c0   0x080009c0   0x000000a8   Code   RO         1189    .text               mc_w.l(strtod.o)
    0x08000a68   0x08000a68   0x00000000   Code   RO         1191    .text               mc_w.l(iusefp.o)
    0x08000a68   0x08000a68   0x000000ba   Code   RO         1192    .text               mf_w.l(depilogue.o)
    0x08000b22   0x08000b22   0x000000de   Code   RO         1194    .text               mf_w.l(ddiv.o)
    0x08000c00   0x08000c00   0x00000018   Code   RO         1196    .text               mf_w.l(dfltul.o)
    0x08000c18   0x08000c18   0x00000030   Code   RO         1198    .text               mf_w.l(dfixul.o)
    0x08000c48   0x08000c48   0x00000030   Code   RO         1200    .text               mf_w.l(cdrcmple.o)
    0x08000c78   0x08000c78   0x00000038   Code   RO         1202    .text               mf_w.l(d2f.o)
    0x08000cb0   0x08000cb0   0x00000024   Code   RO         1204    .text               mc_w.l(init.o)
    0x08000cd4   0x08000cd4   0x00000000   Code   RO         1206    .text               mc_w.l(semi.o)
    0x08000cd4   0x08000cd4   0x0000000a   Code   RO         1207    .text               mc_w.l(isspace_c.o)
    0x08000cde   0x08000cde   0x00000000   Code   RO         1211    .text               mc_w.l(iusesemip.o)
    0x08000cde   0x08000cde   0x0000006e   Code   RO         1212    .text               mf_w.l(fepilogue.o)
    0x08000d4c   0x08000d4c   0x00000028   Code   RO         1214    .text               mc_w.l(ctype_c.o)
    0x08000d74   0x08000d74   0x00000002   Code   RO           65    .text.BusFault_Handler  stm32f4xx_it.o
    0x08000d76   0x08000d76   0x00000002   PAD
    0x08000d78   0x08000d78   0x00000002   Code   RO           71    .text.DebugMon_Handler  stm32f4xx_it.o
    0x08000d7a   0x08000d7a   0x00000002   PAD
    0x08000d7c   0x08000d7c   0x00000006   Code   RO           19    .text.Error_Handler  main.o
    0x08000d82   0x08000d82   0x00000002   PAD
    0x08000d84   0x08000d84   0x00000092   Code   RO          374    .text.HAL_DMA_Abort  stm32f4xx_hal_dma.o
    0x08000e16   0x08000e16   0x00000002   PAD
    0x08000e18   0x08000e18   0x00000024   Code   RO          376    .text.HAL_DMA_Abort_IT  stm32f4xx_hal_dma.o
    0x08000e3c   0x08000e3c   0x000001ba   Code   RO          328    .text.HAL_GPIO_Init  stm32f4xx_hal_gpio.o
    0x08000ff6   0x08000ff6   0x00000002   PAD
    0x08000ff8   0x08000ff8   0x0000000a   Code   RO          334    .text.HAL_GPIO_WritePin  stm32f4xx_hal_gpio.o
    0x08001002   0x08001002   0x00000002   PAD
    0x08001004   0x08001004   0x0000000c   Code   RO          525    .text.HAL_GetTick   stm32f4xx_hal.o
    0x08001010   0x08001010   0x0000001a   Code   RO          523    .text.HAL_IncTick   stm32f4xx_hal.o
    0x0800102a   0x0800102a   0x00000002   PAD
    0x0800102c   0x0800102c   0x00000036   Code   RO          513    .text.HAL_Init      stm32f4xx_hal.o
    0x08001062   0x08001062   0x00000002   PAD
    0x08001064   0x08001064   0x00000048   Code   RO          515    .text.HAL_InitTick  stm32f4xx_hal.o
    0x080010ac   0x080010ac   0x00000038   Code   RO           86    .text.HAL_MspInit   stm32f4xx_hal_msp.o
    0x080010e4   0x080010e4   0x00000020   Code   RO          465    .text.HAL_NVIC_EnableIRQ  stm32f4xx_hal_cortex.o
    0x08001104   0x08001104   0x00000056   Code   RO          463    .text.HAL_NVIC_SetPriority  stm32f4xx_hal_cortex.o
    0x0800115a   0x0800115a   0x00000002   PAD
    0x0800115c   0x0800115c   0x00000020   Code   RO          461    .text.HAL_NVIC_SetPriorityGrouping  stm32f4xx_hal_cortex.o
    0x0800117c   0x0800117c   0x00000160   Code   RO          222    .text.HAL_RCC_ClockConfig  stm32f4xx_hal_rcc.o
    0x080012dc   0x080012dc   0x00000026   Code   RO          234    .text.HAL_RCC_GetPCLK1Freq  stm32f4xx_hal_rcc.o
    0x08001302   0x08001302   0x00000002   PAD
    0x08001304   0x08001304   0x00000026   Code   RO          236    .text.HAL_RCC_GetPCLK2Freq  stm32f4xx_hal_rcc.o
    0x0800132a   0x0800132a   0x00000002   PAD
    0x0800132c   0x0800132c   0x0000006a   Code   RO          224    .text.HAL_RCC_GetSysClockFreq  stm32f4xx_hal_rcc.o
    0x08001396   0x08001396   0x00000002   PAD
    0x08001398   0x08001398   0x00000378   Code   RO          220    .text.HAL_RCC_OscConfig  stm32f4xx_hal_rcc.o
    0x08001710   0x08001710   0x0000002c   Code   RO          473    .text.HAL_SYSTICK_Config  stm32f4xx_hal_cortex.o
    0x0800173c   0x0800173c   0x00000002   Code   RO          182    .text.HAL_UARTEx_RxEventCallback  stm32f4xx_hal_uart.o
    0x0800173e   0x0800173e   0x00000002   PAD
    0x08001740   0x08001740   0x00000002   Code   RO          180    .text.HAL_UART_ErrorCallback  stm32f4xx_hal_uart.o
    0x08001742   0x08001742   0x00000002   PAD
    0x08001744   0x08001744   0x0000057e   Code   RO          174    .text.HAL_UART_IRQHandler  stm32f4xx_hal_uart.o
    0x08001cc2   0x08001cc2   0x00000002   PAD
    0x08001cc4   0x08001cc4   0x00000060   Code   RO           96    .text.HAL_UART_Init  stm32f4xx_hal_uart.o
    0x08001d24   0x08001d24   0x0000007c   Code   RO           46    .text.HAL_UART_MspInit  usart.o
    0x08001da0   0x08001da0   0x00000052   Code   RO          118    .text.HAL_UART_Receive_IT  stm32f4xx_hal_uart.o
    0x08001df2   0x08001df2   0x00000002   PAD
    0x08001df4   0x08001df4   0x0000007a   Code   RO           21    .text.HAL_UART_RxCpltCallback  main.o
    0x08001e6e   0x08001e6e   0x00000002   PAD
    0x08001e70   0x08001e70   0x00000002   Code   RO          184    .text.HAL_UART_TxCpltCallback  stm32f4xx_hal_uart.o
    0x08001e72   0x08001e72   0x00000002   PAD
    0x08001e74   0x08001e74   0x00000002   Code   RO           61    .text.HardFault_Handler  stm32f4xx_it.o
    0x08001e76   0x08001e76   0x00000002   PAD
    0x08001e78   0x08001e78   0x00000090   Code   RO           35    .text.MX_GPIO_Init  gpio.o
    0x08001f08   0x08001f08   0x0000003c   Code   RO           44    .text.MX_UART4_Init  usart.o
    0x08001f44   0x08001f44   0x00000002   Code   RO           63    .text.MemManage_Handler  stm32f4xx_it.o
    0x08001f46   0x08001f46   0x00000002   PAD
    0x08001f48   0x08001f48   0x00000002   Code   RO           59    .text.NMI_Handler   stm32f4xx_it.o
    0x08001f4a   0x08001f4a   0x00000002   PAD
    0x08001f4c   0x08001f4c   0x00000002   Code   RO           73    .text.PendSV_Handler  stm32f4xx_it.o
    0x08001f4e   0x08001f4e   0x00000002   PAD
    0x08001f50   0x08001f50   0x00000002   Code   RO           69    .text.SVC_Handler   stm32f4xx_it.o
    0x08001f52   0x08001f52   0x00000002   PAD
    0x08001f54   0x08001f54   0x00000004   Code   RO           75    .text.SysTick_Handler  stm32f4xx_it.o
    0x08001f58   0x08001f58   0x000000a8   Code   RO           17    .text.SystemClock_Config  main.o
    0x08002000   0x08002000   0x00000012   Code   RO          603    .text.SystemInit    system_stm32f4xx.o
    0x08002012   0x08002012   0x00000002   PAD
    0x08002014   0x08002014   0x0000000c   Code   RO           77    .text.UART4_IRQHandler  stm32f4xx_it.o
    0x08002020   0x08002020   0x0000000c   Code   RO          178    .text.UART_DMAAbortOnError  stm32f4xx_hal_uart.o
    0x0800202c   0x0800202c   0x00000102   Code   RO          176    .text.UART_Receive_IT  stm32f4xx_hal_uart.o
    0x0800212e   0x0800212e   0x00000002   PAD
    0x08002130   0x08002130   0x000000e2   Code   RO          100    .text.UART_SetConfig  stm32f4xx_hal_uart.o
    0x08002212   0x08002212   0x00000002   PAD
    0x08002214   0x08002214   0x00000002   Code   RO           67    .text.UsageFault_Handler  stm32f4xx_it.o
    0x08002216   0x08002216   0x00000002   PAD
    0x08002218   0x08002218   0x00000058   Code   RO          632    .text.cJSON_Delete  cjson.o
    0x08002270   0x08002270   0x00000010   Code   RO          618    .text.cJSON_GetErrorPtr  cjson.o
    0x08002280   0x08002280   0x0000003c   Code   RO          670    .text.cJSON_GetObjectItemCaseSensitive  cjson.o
    0x080022bc   0x080022bc   0x00000014   Code   RO          774    .text.cJSON_IsArray  cjson.o
    0x080022d0   0x080022d0   0x00000014   Code   RO          626    .text.cJSON_IsNumber  cjson.o
    0x080022e4   0x080022e4   0x00000014   Code   RO          776    .text.cJSON_IsObject  cjson.o
    0x080022f8   0x080022f8   0x00000014   Code   RO          622    .text.cJSON_IsString  cjson.o
    0x0800230c   0x0800230c   0x00000020   Code   RO          646    .text.cJSON_Parse   cjson.o
    0x0800232c   0x0800232c   0x000001cc   Code   RO          642    .text.cJSON_ParseWithLengthOpts  cjson.o
    0x080024f8   0x080024f8   0x0000009c   Code   RO           15    .text.main          main.o
    0x08002594   0x08002594   0x00000100   Code   RO          786    .text.parse_hex4    cjson.o
    0x08002694   0x08002694   0x00000238   Code   RO           13    .text.parse_json    main.o
    0x080028cc   0x080028cc   0x000002aa   Code   RO          784    .text.parse_string  cjson.o
    0x08002b76   0x08002b76   0x00000002   PAD
    0x08002b78   0x08002b78   0x00000718   Code   RO          644    .text.parse_value   cjson.o
    0x08003290   0x08003290   0x00000020   Code   RO         1067    i.__0printf         mc_w.l(printfa.o)
    0x080032b0   0x080032b0   0x0000005c   Code   RO         1099    i.__free$realloc    mc_w.l(mallocr.o)
    0x0800330c   0x0800330c   0x00000004   PAD
    0x08003310   0x08003310   0x00000028   Code   RO          803    i.__hardfp_strtod   m_wm.l(strtod.o)
    0x08003338   0x08003338   0x00000050   Code   RO         1100    i.__malloc$realloc  mc_w.l(mallocr.o)
    0x08003388   0x08003388   0x0000000e   Code   RO         1219    i.__scatterload_copy  mc_w.l(handlers.o)
    0x08003396   0x08003396   0x00000002   Code   RO         1220    i.__scatterload_null  mc_w.l(handlers.o)
    0x08003398   0x08003398   0x0000000e   Code   RO         1221    i.__scatterload_zeroinit  mc_w.l(handlers.o)
    0x080033a6   0x080033a6   0x00000002   PAD
    0x080033a8   0x080033a8   0x00000184   Code   RO         1074    i._fp_digits        mc_w.l(printfa.o)
    0x0800352c   0x0800352c   0x0000000e   Code   RO         1127    i._is_digit         mc_w.l(scanf_fp.o)
    0x0800353a   0x0800353a   0x00000002   PAD
    0x0800353c   0x0800353c   0x000006dc   Code   RO         1075    i._printf_core      mc_w.l(printfa.o)
    0x08003c18   0x08003c18   0x00000024   Code   RO         1076    i._printf_post_padding  mc_w.l(printfa.o)
    0x08003c3c   0x08003c3c   0x0000002e   Code   RO         1077    i._printf_pre_padding  mc_w.l(printfa.o)
    0x08003c6a   0x08003c6a   0x00000012   Code   RO         1161    i.fputc             mc_w.l(fputc.o)
    0x08003c7c   0x08003c7c   0x00000050   Code   RO         1101    i.internal_alloc    mc_w.l(mallocr.o)
    0x08003ccc   0x08003ccc   0x00000024   Code   RO          812    i.puts              mc_w.l(puts.o)
    0x08003cf0   0x08003cf0   0x0000006c   Code   RO         1102    i.realloc           mc_w.l(mallocr.o)
    0x08003d5c   0x08003d5c   0x00000040   Data   RO         1215    .constdata          mc_w.l(ctype_c.o)
    0x08003d9c   0x08003d9c   0x00000010   Data   RO          608    .rodata.AHBPrescTable  system_stm32f4xx.o
    0x08003dac   0x08003dac   0x00000008   Data   RO          609    .rodata.APBPrescTable  system_stm32f4xx.o
    0x08003db4   0x08003db4   0x0000003c   Data   RO           23    .rodata.str1.1      main.o
    0x08003df0   0x08003df0   0x00000010   Data   RO          794    .rodata.str1.1      cjson.o
    0x08003e00   0x08003e00   0x00000020   Data   RO         1218    Region$$Table       anon$$obj.o


    Execution Region RW_IRAM1 (Exec base: 0x20000000, Load base: 0x08003e20, Size: 0x00000880, Max: 0x0001c000, ABSOLUTE)

    Exec Addr    Load Addr    Size         Type   Attr      Idx    E Section Name        Object

    0x20000000   0x08003e20   0x00000004   Data   RW         1165    .data               mc_w.l(stdout.o)
    0x20000004   0x08003e24   0x00000004   Data   RW         1183    .data               mc_w.l(mvars.o)
    0x20000008   0x08003e28   0x00000004   Data   RW         1184    .data               mc_w.l(mvars.o)
    0x2000000c   0x08003e2c   0x00000008   Data   RW          568    .data..L_MergedGlobals  stm32f4xx_hal.o
    0x20000014   0x08003e34   0x00000004   Data   RW          607    .data.SystemCoreClock  system_stm32f4xx.o
    0x20000018   0x08003e38   0x0000000c   Data   RW          793    .data.global_hooks  cjson.o
    0x20000024   0x08003e44   0x00000004   PAD
    0x20000028        -       0x00000004   Zero   RW           26    .bss..L_MergedGlobals  main.o
    0x2000002c        -       0x00000008   Zero   RW          795    .bss..L_MergedGlobals  cjson.o
    0x20000034        -       0x00000048   Zero   RW           50    .bss.huart4         usart.o
    0x2000007c        -       0x00000200   Zero   RW           24    .bss.rx_buffer      main.o
    0x2000027c        -       0x00000004   Zero   RW          567    .bss.uwTick         stm32f4xx_hal.o
    0x20000280        -       0x00000200   Zero   RW            2    HEAP                startup_stm32f407xx.o
    0x20000480        -       0x00000400   Zero   RW            1    STACK               startup_stm32f407xx.o


    Execution Region RW_IRAM2 (Exec base: 0x2001c000, Load base: 0x08003e48, Size: 0x00000000, Max: 0x00004000, ABSOLUTE)

    **** No section assigned to this execution region ****


==============================================================================

Image component sizes


      Code (inc. data)   RO Data    RW Data    ZI Data      Debug   Object Name

      3490        190         16         12          8      70088   cjson.o
       144          0          0          0          0       2141   gpio.o
      1020        208         60          0        516       7597   main.o
        36          8        392          0       1536        824   startup_stm32f407xx.o
       164          0          0          8          4       7279   stm32f4xx_hal.o
       194          0          0          0          0      10855   stm32f4xx_hal_cortex.o
       182          0          0          0          0      10417   stm32f4xx_hal_dma.o
       452          0          0          0          0       5694   stm32f4xx_hal_gpio.o
        56          0          0          0          0       1439   stm32f4xx_hal_msp.o
      1422          0          0          0          0       7366   stm32f4xx_hal_rcc.o
      2086          0          0          0          0      32265   stm32f4xx_hal_uart.o
        32          0          0          0          0       3882   stm32f4xx_it.o
        18          0         24          4          0       2625   system_stm32f4xx.o
       184          0          0          0         72       6937   usart.o

    ----------------------------------------------------------------------
      9536        406        524         24       2140     169409   Object Totals
         0          0         32          0          0          0   (incl. Generated)
        56          0          0          0          4          0   (incl. Padding)

    ----------------------------------------------------------------------

      Code (inc. data)   RO Data    RW Data    ZI Data      Debug   Library Member Name

        40          8          0          0          0        128   strtod.o
        64          0          0          0          0         84   _sgetc.o
        40          6         64          0          0         68   ctype_c.o
         0          0          0          0          0          0   entry.o
         0          0          0          0          0          0   entry10a.o
         0          0          0          0          0          0   entry11a.o
         8          4          0          0          0          0   entry2.o
         4          0          0          0          0          0   entry5.o
         0          0          0          0          0          0   entry7b.o
         0          0          0          0          0          0   entry8b.o
         8          4          0          0          0          0   entry9a.o
        18          0          0          0          0         80   fputc.o
        30          0          0          0          0          0   handlers.o
        36          8          0          0          0         68   init.o
        10          0          0          0          0         68   isspace_c.o
         0          0          0          0          0          0   iusefp.o
         0          0          0          0          0          0   iusesemip.o
        30          0          0          0          0         68   llshl.o
        36          0          0          0          0         68   llsshr.o
        32          0          0          0          0         68   llushr.o
       360         30          0          0          0        356   mallocr.o
        36          0          0          0          0         68   memcpya.o
        36          0          0          0          0        108   memseta.o
         0          0          0          8          0          0   mvars.o
      2258         90          0          0          0        452   printfa.o
        36          6          0          0          0         80   puts.o
       878         12          0          0          0        216   scanf_fp.o
         0          0          0          0          0          0   semi.o
         0          0          0          4          0          0   stdout.o
        28          0          0          0          0         76   strcmp.o
        14          0          0          0          0         68   strlen.o
        30          0          0          0          0         80   strncmp.o
       168         12          0          0          0        124   strtod.o
        44          0          0          0          0         80   uidiv.o
        98          0          0          0          0         92   uldiv.o
        48          0          0          0          0         68   cdrcmple.o
        56          0          0          0          0         88   d2f.o
       334          0          0          0          0        148   dadd.o
        54          0          0          0          0         80   dcmpge.o
        54          0          0          0          0         80   dcmple.o
       222          0          0          0          0        100   ddiv.o
       186          0          0          0          0        176   depilogue.o
        62          0          0          0          0         80   dfixi.o
        48          0          0          0          0         68   dfixul.o
        24          0          0          0          0         76   dfltul.o
       228          0          0          0          0         96   dmul.o
       110          0          0          0          0        168   fepilogue.o

    ----------------------------------------------------------------------
      5780        184         64         12          0       3728   Library Totals
        12          4          0          0          0          0   (incl. Padding)

    ----------------------------------------------------------------------

      Code (inc. data)   RO Data    RW Data    ZI Data      Debug   Library Name

        40          8          0          0          0        128   m_wm.l
      4302        172         64         12          0       2372   mc_w.l
      1426          0          0          0          0       1228   mf_w.l

    ----------------------------------------------------------------------
      5780        184         64         12          0       3728   Library Totals

    ----------------------------------------------------------------------

==============================================================================


      Code (inc. data)   RO Data    RW Data    ZI Data      Debug   

     15316        590        588         36       2140     171177   Grand Totals
     15316        590        588         36       2140     171177   ELF Image Totals
     15316        590        588         36          0          0   ROM Totals

==============================================================================

    Total RO  Size (Code + RO Data)                15904 (  15.53kB)
    Total RW  Size (RW Data + ZI Data)              2176 (   2.13kB)
    Total ROM Size (Code + RO Data + RW Data)      15940 (  15.57kB)

==============================================================================

